Archive member included to satisfy reference by file (symbol)

c:/st/stm32cubeide_1.10.1/stm32cubeide/plugins/com.st.stm32cube.ide.mcu.externaltools.gnu-tools-for-stm32.10.3-2021.10.win32_1.0.0.202111181127/tools/bin/../lib/gcc/arm-none-eabi/10.3.1/../../../../arm-none-eabi/lib/thumb/v7e-m+fp/hard\libc_nano.a(lib_a-errno.o)
                              ./Core/Src/syscalls.o (__errno)
c:/st/stm32cubeide_1.10.1/stm32cubeide/plugins/com.st.stm32cube.ide.mcu.externaltools.gnu-tools-for-stm32.10.3-2021.10.win32_1.0.0.202111181127/tools/bin/../lib/gcc/arm-none-eabi/10.3.1/../../../../arm-none-eabi/lib/thumb/v7e-m+fp/hard\libc_nano.a(lib_a-exit.o)
                              c:/st/stm32cubeide_1.10.1/stm32cubeide/plugins/com.st.stm32cube.ide.mcu.externaltools.gnu-tools-for-stm32.10.3-2021.10.win32_1.0.0.202111181127/tools/bin/../lib/gcc/arm-none-eabi/10.3.1/../../../../arm-none-eabi/lib/thumb/v7e-m+fp/hard/crt0.o (exit)
c:/st/stm32cubeide_1.10.1/stm32cubeide/plugins/com.st.stm32cube.ide.mcu.externaltools.gnu-tools-for-stm32.10.3-2021.10.win32_1.0.0.202111181127/tools/bin/../lib/gcc/arm-none-eabi/10.3.1/../../../../arm-none-eabi/lib/thumb/v7e-m+fp/hard\libc_nano.a(lib_a-findfp.o)
                              ./Middlewares/Third_Party/FreeRTOS/Source/tasks.o (__sf_fake_stderr)
c:/st/stm32cubeide_1.10.1/stm32cubeide/plugins/com.st.stm32cube.ide.mcu.externaltools.gnu-tools-for-stm32.10.3-2021.10.win32_1.0.0.202111181127/tools/bin/../lib/gcc/arm-none-eabi/10.3.1/../../../../arm-none-eabi/lib/thumb/v7e-m+fp/hard\libc_nano.a(lib_a-fwalk.o)
                              c:/st/stm32cubeide_1.10.1/stm32cubeide/plugins/com.st.stm32cube.ide.mcu.externaltools.gnu-tools-for-stm32.10.3-2021.10.win32_1.0.0.202111181127/tools/bin/../lib/gcc/arm-none-eabi/10.3.1/../../../../arm-none-eabi/lib/thumb/v7e-m+fp/hard\libc_nano.a(lib_a-findfp.o) (_fwalk)
c:/st/stm32cubeide_1.10.1/stm32cubeide/plugins/com.st.stm32cube.ide.mcu.externaltools.gnu-tools-for-stm32.10.3-2021.10.win32_1.0.0.202111181127/tools/bin/../lib/gcc/arm-none-eabi/10.3.1/../../../../arm-none-eabi/lib/thumb/v7e-m+fp/hard\libc_nano.a(lib_a-impure.o)
                              c:/st/stm32cubeide_1.10.1/stm32cubeide/plugins/com.st.stm32cube.ide.mcu.externaltools.gnu-tools-for-stm32.10.3-2021.10.win32_1.0.0.202111181127/tools/bin/../lib/gcc/arm-none-eabi/10.3.1/../../../../arm-none-eabi/lib/thumb/v7e-m+fp/hard\libc_nano.a(lib_a-exit.o) (_global_impure_ptr)
c:/st/stm32cubeide_1.10.1/stm32cubeide/plugins/com.st.stm32cube.ide.mcu.externaltools.gnu-tools-for-stm32.10.3-2021.10.win32_1.0.0.202111181127/tools/bin/../lib/gcc/arm-none-eabi/10.3.1/../../../../arm-none-eabi/lib/thumb/v7e-m+fp/hard\libc_nano.a(lib_a-init.o)
                              c:/st/stm32cubeide_1.10.1/stm32cubeide/plugins/com.st.stm32cube.ide.mcu.externaltools.gnu-tools-for-stm32.10.3-2021.10.win32_1.0.0.202111181127/tools/bin/../lib/gcc/arm-none-eabi/10.3.1/../../../../arm-none-eabi/lib/thumb/v7e-m+fp/hard/crt0.o (__libc_init_array)
c:/st/stm32cubeide_1.10.1/stm32cubeide/plugins/com.st.stm32cube.ide.mcu.externaltools.gnu-tools-for-stm32.10.3-2021.10.win32_1.0.0.202111181127/tools/bin/../lib/gcc/arm-none-eabi/10.3.1/../../../../arm-none-eabi/lib/thumb/v7e-m+fp/hard\libc_nano.a(lib_a-lock.o)
                              c:/st/stm32cubeide_1.10.1/stm32cubeide/plugins/com.st.stm32cube.ide.mcu.externaltools.gnu-tools-for-stm32.10.3-2021.10.win32_1.0.0.202111181127/tools/bin/../lib/gcc/arm-none-eabi/10.3.1/../../../../arm-none-eabi/lib/thumb/v7e-m+fp/hard\libc_nano.a(lib_a-findfp.o) (__retarget_lock_init_recursive)
c:/st/stm32cubeide_1.10.1/stm32cubeide/plugins/com.st.stm32cube.ide.mcu.externaltools.gnu-tools-for-stm32.10.3-2021.10.win32_1.0.0.202111181127/tools/bin/../lib/gcc/arm-none-eabi/10.3.1/../../../../arm-none-eabi/lib/thumb/v7e-m+fp/hard\libc_nano.a(lib_a-memcpy-stub.o)
                              ./Core/Src/logger.o (memcpy)
c:/st/stm32cubeide_1.10.1/stm32cubeide/plugins/com.st.stm32cube.ide.mcu.externaltools.gnu-tools-for-stm32.10.3-2021.10.win32_1.0.0.202111181127/tools/bin/../lib/gcc/arm-none-eabi/10.3.1/../../../../arm-none-eabi/lib/thumb/v7e-m+fp/hard\libc_nano.a(lib_a-memset.o)
                              c:/st/stm32cubeide_1.10.1/stm32cubeide/plugins/com.st.stm32cube.ide.mcu.externaltools.gnu-tools-for-stm32.10.3-2021.10.win32_1.0.0.202111181127/tools/bin/../lib/gcc/arm-none-eabi/10.3.1/../../../../arm-none-eabi/lib/thumb/v7e-m+fp/hard/crt0.o (memset)
c:/st/stm32cubeide_1.10.1/stm32cubeide/plugins/com.st.stm32cube.ide.mcu.externaltools.gnu-tools-for-stm32.10.3-2021.10.win32_1.0.0.202111181127/tools/bin/../lib/gcc/arm-none-eabi/10.3.1/../../../../arm-none-eabi/lib/thumb/v7e-m+fp/hard\libc_nano.a(lib_a-nano-mallocr.o)
[...]
Memory Configuration

Name             Origin             Length             Attributes
RAM              0x0000000020000000 0x0000000000020000 xrw
FLASH            0x0000000008000000 0x0000000000080000 xr
*default*        0x0000000000000000 0xffffffffffffffff

Linker script and memory map

LOAD c:/st/stm32cubeide_1.10.1/stm32cubeide/plugins/com.st.stm32cube.ide.mcu.externaltools.gnu-tools-for-stm32.10.3-2021.10.win32_1.0.0.202111181127/tools/bin/../lib/gcc/arm-none-eabi/10.3.1/thumb/v7e-m+fp/hard/crti.o
LOAD c:/st/stm32cubeide_1.10.1/stm32cubeide/plugins/com.st.stm32cube.ide.mcu.externaltools.gnu-tools-for-stm32.10.3-2021.10.win32_1.0.0.202111181127/tools/bin/../lib/gcc/arm-none-eabi/10.3.1/thumb/v7e-m+fp/hard/crtbegin.o
LOAD c:/st/stm32cubeide_1.10.1/stm32cubeide/plugins/com.st.stm32cube.ide.mcu.externaltools.gnu-tools-for-stm32.10.3-2021.10.win32_1.0.0.202111181127/tools/bin/../lib/gcc/arm-none-eabi/10.3.1/../../../../arm-none-eabi/lib/thumb/v7e-m+fp/hard/crt0.o
LOAD ./Core/Src/AS5601.o
LOAD ./Core/Src/encoder.o
LOAD ./Core/Src/freertos.o
LOAD ./Core/Src/hal_angle.o
LOAD ./Core/Src/logger.o
LOAD ./Core/Src/main.o
LOAD ./Core/Src/motor.o
LOAD ./Core/Src/stm32f4xx_hal_msp.o
LOAD ./Core/Src/stm32f4xx_hal_timebase_tim.o
LOAD ./Core/Src/stm32f4xx_it.o
LOAD ./Core/Src/syscalls.o
LOAD ./Core/Src/sysmem.o
LOAD ./Core/Src/system_stm32f4xx.o
LOAD ./Core/Startup/startup_stm32f446retx.o
LOAD ./Drivers/STM32F4xx_HAL_Driver/Src/stm32f4xx_hal.o
LOAD ./Drivers/STM32F4xx_HAL_Driver/Src/stm32f4xx_hal_adc.o
LOAD ./Drivers/STM32F4xx_HAL_Driver/Src/stm32f4xx_hal_adc_ex.o
LOAD ./Drivers/STM32F4xx_HAL_Driver/Src/stm32f4xx_hal_cortex.o
LOAD ./Drivers/STM32F4xx_HAL_Driver/Src/stm32f4xx_hal_dma.o
LOAD ./Drivers/STM32F4xx_HAL_Driver/Src/stm32f4xx_hal_dma_ex.o
LOAD ./Drivers/STM32F4xx_HAL_Driver/Src/stm32f4xx_hal_exti.o
LOAD ./Drivers/STM32F4xx_HAL_Driver/Src/stm32f4xx_hal_flash.o
LOAD ./Drivers/STM32F4xx_HAL_Driver/Src/stm32f4xx_hal_flash_ex.o
LOAD ./Drivers/STM32F4xx_HAL_Driver/Src/stm32f4xx_hal_flash_ramfunc.o
LOAD ./Drivers/STM32F4xx_HAL_Driver/Src/stm32f4xx_hal_gpio.o
LOAD ./Drivers/STM32F4xx_HAL_Driver/Src/stm32f4xx_hal_i2c.o
LOAD ./Drivers/STM32F4xx_HAL_Driver/Src/stm32f4xx_hal_i2c_ex.o
LOAD ./Drivers/STM32F4xx_HAL_Driver/Src/stm32f4xx_hal_pwr.o
LOAD ./Drivers/STM32F4xx_HAL_Driver/Src/stm32f4xx_hal_pwr_ex.o
LOAD ./Drivers/STM32F4xx_HAL_Driver/Src/stm32f4xx_hal_rcc.o
LOAD ./Drivers/STM32F4xx_HAL_Driver/Src/stm32f4xx_hal_rcc_ex.o
LOAD ./Drivers/STM32F4xx_HAL_Driver/Src/stm32f4xx_hal_tim.o
LOAD ./Drivers/STM32F4xx_HAL_Driver/Src/stm32f4xx_hal_tim_ex.o
LOAD ./Drivers/STM32F4xx_HAL_Driver/Src/stm32f4xx_hal_uart.o
LOAD ./Drivers/STM32F4xx_HAL_Driver/Src/stm32f4xx_ll_adc.o
LOAD ./Middlewares/Third_Party/FreeRTOS/Source/CMSIS_RTOS_V2/cmsis_os2.o
LOAD ./Middlewares/Third_Party/FreeRTOS/Source/croutine.o
LOAD ./Middlewares/Third_Party/FreeRTOS/Source/event_groups.o
LOAD ./Middlewares/Third_Party/FreeRTOS/Source/list.o
LOAD ./Middlewares/Third_Party/FreeRTOS/Source/queue.o
LOAD ./Middlewares/Third_Party/FreeRTOS/Source/stream_buffer.o
LOAD ./Middlewares/Third_Party/FreeRTOS/Source/tasks.o
LOAD ./Middlewares/Third_Party/FreeRTOS/Source/timers.o
LOAD ./Middlewares/Third_Party/FreeRTOS/Source/portable/GCC/ARM_CM4F/port.o
LOAD ./Middlewares/Third_Party/FreeRTOS/Source/portable/MemMang/heap_4.o
LOAD ./resc/src/CurrentCtrl.o
LOAD ./resc/src/ServoCtrl.o
LOAD ./resc/src/TrajGen.o
LOAD ./resc/src/rls.o
START GROUP
LOAD c:/st/stm32cubeide_1.10.1/stm32cubeide/plugins/com.st.stm32cube.ide.mcu.externaltools.gnu-tools-for-stm32.10.3-2021.10.win32_1.0.0.202111181127/tools/bin/../lib/gcc/arm-none-eabi/10.3.1/../../../../arm-none-eabi/lib/thumb/v7e-m+fp/hard\libc_nano.a
LOAD c:/st/stm32cubeide_1.10.1/stm32cubeide/plugins/com.st.stm32cube.ide.mcu.externaltools.gnu-tools-for-stm32.10.3-2021.10.win32_1.0.0.202111181127/tools/bin/../lib/gcc/arm-none-eabi/10.3.1/../../../../arm-none-eabi/lib/thumb/v7e-m+fp/hard\libm.a
END GROUP
START GROUP
LOAD c:/st/stm32cubeide_1.10.1/stm32cubeide/plugins/com.st.stm32cube.ide.mcu.externaltools.gnu-tools-for-stm32.10.3-2021.10.win32_1.0.0.202111181127/tools/bin/../lib/gcc/arm-none-eabi/10.3.1/thumb/v7e-m+fp/hard\libgcc.a
LOAD c:/st/stm32cubeide_1.10.1/stm32cubeide/plugins/com.st.stm32cube.ide.mcu.externaltools.gnu-tools-for-stm32.10.3-2021.10.win32_1.0.0.202111181127/tools/bin/../lib/gcc/arm-none-eabi/10.3.1/../../../../arm-none-eabi/lib/thumb/v7e-m+fp/hard\libc_nano.a
END GROUP
START GROUP
LOAD c:/st/stm32cubeide_1.10.1/stm32cubeide/plugins/com.st.stm32cube.ide.mcu.externaltools.gnu-tools-for-stm32.10.3-2021.10.win32_1.0.0.202111181127/tools/bin/../lib/gcc/arm-none-eabi/10.3.1/thumb/v7e-m+fp/hard\libgcc.a
LOAD c:/st/stm32cubeide_1.10.1/stm32cubeide/plugins/com.st.stm32cube.ide.mcu.externaltools.gnu-tools-for-stm32.10.3-2021.10.win32_1.0.0.202111181127/tools/bin/../lib/gcc/arm-none-eabi/10.3.1/../../../../arm-none-eabi/lib/thumb/v7e-m+fp/hard\libc_nano.a
LOAD c:/st/stm32cubeide_1.10.1/stm32cubeide/plugins/com.st.stm32cube.ide.mcu.externaltools.gnu-tools-for-stm32.10.3-2021.10.win32_1.0.0.202111181127/tools/bin/../lib/gcc/arm-none-eabi/10.3.1/../../../../arm-none-eabi/lib/thumb/v7e-m+fp/hard\libnosys.a
END GROUP
START GROUP
LOAD c:/st/stm32cubeide_1.10.1/stm32cubeide/plugins/com.st.stm32cube.ide.mcu.externaltools.gnu-tools-for-stm32.10.3-2021.10.win32_1.0.0.202111181127/tools/bin/../lib/gcc/arm-none-eabi/10.3.1/thumb/v7e-m+fp/hard\libgcc.a
LOAD c:/st/stm32cubeide_1.10.1/stm32cubeide/plugins/com.st.stm32cube.ide.mcu.externaltools.gnu-tools-for-stm32.10.3-2021.10.win32_1.0.0.202111181127/tools/bin/../lib/gcc/arm-none-eabi/10.3.1/../../../../arm-none-eabi/lib/thumb/v7e-m+fp/hard\libc_nano.a
LOAD c:/st/stm32cubeide_1.10.1/stm32cubeide/plugins/com.st.stm32cube.ide.mcu.externaltools.gnu-tools-for-stm32.10.3-2021.10.win32_1.0.0.202111181127/tools/bin/../lib/gcc/arm-none-eabi/10.3.1/../../../../arm-none-eabi/lib/thumb/v7e-m+fp/hard\libnosys.a
END GROUP
LOAD c:/st/stm32cubeide_1.10.1/stm32cubeide/plugins/com.st.stm32cube.ide.mcu.externaltools.gnu-tools-for-stm32.10.3-2021.10.win32_1.0.0.202111181127/tools/bin/../lib/gcc/arm-none-eabi/10.3.1/thumb/v7e-m+fp/hard/crtend.o
LOAD c:/st/stm32cubeide_1.10.1/stm32cubeide/plugins/com.st.stm32cube.ide.mcu.externaltools.gnu-tools-for-stm32.10.3-2021.10.win32_1.0.0.202111181127/tools/bin/../lib/gcc/arm-none-eabi/10.3.1/thumb/v7e-m+fp/hard/crtn.o
                0x0000000020020000                _estack = (ORIGIN (RAM) + LENGTH (RAM))
                0x0000000000000200                _Min_Heap_Size = 0x200
                0x0000000000000400                _Min_Stack_Size = 0x400

.isr_vector     0x0000000008000000      0x1c4
                0x0000000008000000                . = ALIGN (0x4)
 *(.isr_vector)
 .isr_vector    0x0000000008000000      0x1c4 ./Core/Startup/startup_stm32f446retx.o
                0x0000000008000000                g_pfnVectors
                0x00000000080001c4                . = ALIGN (0x4)

.text           0x00000000080001d0     0xb830
                0x00000000080001d0                . = ALIGN (0x4)
 *(.text)
 .text          0x00000000080001d0       0x40 c:/st/stm32cubeide_1.10.1/stm32cubeide/plugins/com.st.stm32cube.ide.mcu.externaltools.gnu-tools-for-stm32.10.3-2021.10.win32_1.0.0.202111181127/tools/bin/../lib/gcc/arm-none-eabi/10.3.1/thumb/v7e-m+fp/hard/crtbegin.o
 .text          0x0000000008000210      0x378 c:/st/stm32cubeide_1.10.1/stm32cubeide/plugins/com.st.stm32cube.ide.mcu.externaltools.gnu-tools-for-stm32.10.3-2021.10.win32_1.0.0.202111181127/tools/bin/../lib/gcc/arm-none-eabi/10.3.1/thumb/v7e-m+fp/hard\libgcc.a(_arm_addsubdf3.o)
                0x0000000008000210                __aeabi_drsub
                0x0000000008000218                __aeabi_dsub
                0x0000000008000218                __subdf3
                0x000000000800021c                __aeabi_dadd
                0x000000000800021c                __adddf3
                0x0000000008000494                __floatunsidf
                0x0000000008000494                __aeabi_ui2d
                0x00000000080004b4                __floatsidf
                0x00000000080004b4                __aeabi_i2d
                0x00000000080004d8                __aeabi_f2d
                0x00000000080004d8                __extendsfdf2
                0x000000000800051c                __floatundidf
                0x000000000800051c                __aeabi_ul2d
                0x000000000800052c                __floatdidf
                0x000000000800052c                __aeabi_l2d
 .text          0x0000000008000588      0x424 c:/st/stm32cubeide_1.10.1/stm32cubeide/plugins/com.st.stm32cube.ide.mcu.externaltools.gnu-tools-for-stm32.10.3-2021.10.win32_1.0.0.202111181127/tools/bin/../lib/gcc/arm-none-eabi/10.3.1/thumb/v7e-m+fp/hard\libgcc.a(_arm_muldivdf3.o)
                0x0000000008000588                __aeabi_dmul
                0x0000000008000588                __muldf3
                0x00000000080007dc                __divdf3
                0x00000000080007dc                __aeabi_ddiv
 .text          0x00000000080009ac      0x110 c:/st/stm32cubeide_1.10.1/stm32cubeide/plugins/com.st.stm32cube.ide.mcu.externaltools.gnu-tools-for-stm32.10.3-2021.10.win32_1.0.0.202111181127/tools/bin/../lib/gcc/arm-none-eabi/10.3.1/thumb/v7e-m+fp/hard\libgcc.a(_arm_cmpdf2.o)
                0x00000000080009ac                __gtdf2
                0x00000000080009ac                __gedf2
                0x00000000080009b4                __ltdf2
                0x00000000080009b4                __ledf2
                0x00000000080009bc                __nedf2
                0x00000000080009bc                __eqdf2
                0x00000000080009bc                __cmpdf2
                0x0000000008000a38                __aeabi_cdrcmple
                0x0000000008000a48                __aeabi_cdcmpeq
                0x0000000008000a48                __aeabi_cdcmple
                0x0000000008000a58                __aeabi_dcmpeq
                0x0000000008000a6c                __aeabi_dcmplt
                0x0000000008000a80                __aeabi_dcmple
                0x0000000008000a94                __aeabi_dcmpge
                0x0000000008000aa8                __aeabi_dcmpgt
 .text          0x0000000008000abc       0x50 c:/st/stm32cubeide_1.10.1/stm32cubeide/plugins/com.st.stm32cube.ide.mcu.externaltools.gnu-tools-for-stm32.10.3-2021.10.win32_1.0.0.202111181127/tools/bin/../lib/gcc/arm-none-eabi/10.3.1/thumb/v7e-m+fp/hard\libgcc.a(_arm_fixdfsi.o)
                0x0000000008000abc                __aeabi_d2iz
                0x0000000008000abc                __fixdfsi
 .text          0x0000000008000b0c       0xa0 c:/st/stm32cubeide_1.10.1/stm32cubeide/plugins/com.st.stm32cube.ide.mcu.externaltools.gnu-tools-for-stm32.10.3-2021.10.win32_1.0.0.202111181127/tools/bin/../lib/gcc/arm-none-eabi/10.3.1/thumb/v7e-m+fp/hard\libgcc.a(_arm_truncdfsf2.o)
                0x0000000008000b0c                __truncdfsf2
                0x0000000008000b0c                __aeabi_d2f
 .text          0x0000000008000bac       0x30 c:/st/stm32cubeide_1.10.1/stm32cubeide/plugins/com.st.stm32cube.ide.mcu.externaltools.gnu-tools-for-stm32.10.3-2021.10.win32_1.0.0.202111181127/tools/bin/../lib/gcc/arm-none-eabi/10.3.1/thumb/v7e-m+fp/hard\libgcc.a(_aeabi_uldivmod.o)
                0x0000000008000bac                __aeabi_uldivmod
 .text          0x0000000008000bdc      0x2d0 c:/st/stm32cubeide_1.10.1/stm32cubeide/plugins/com.st.stm32cube.ide.mcu.externaltools.gnu-tools-for-stm32.10.3-2021.10.win32_1.0.0.202111181127/tools/bin/../lib/gcc/arm-none-eabi/10.3.1/thumb/v7e-m+fp/hard\libgcc.a(_udivmoddi4.o)
                0x0000000008000bdc                __udivmoddi4
 .text          0x0000000008000eac        0x4 c:/st/stm32cubeide_1.10.1/stm32cubeide/plugins/com.st.stm32cube.ide.mcu.externaltools.gnu-tools-for-stm32.10.3-2021.10.win32_1.0.0.202111181127/tools/bin/../lib/gcc/arm-none-eabi/10.3.1/thumb/v7e-m+fp/hard\libgcc.a(_dvmd_tls.o)
                0x0000000008000eac                __aeabi_idiv0
                0x0000000008000eac                __aeabi_ldiv0
 *(.text*)
 .text.as5601_init
                0x0000000008000eb0       0x24 ./Core/Src/AS5601.o
                0x0000000008000eb0                as5601_init
 .text.read_bytes
                0x0000000008000ed4       0x64 ./Core/Src/AS5601.o
                0x0000000008000ed4                read_bytes
 .text.get_int_from_2bytes
                0x0000000008000f38       0x2a ./Core/Src/AS5601.o
                0x0000000008000f38                get_int_from_2bytes
 .text.read_status
                0x0000000008000f62       0x9a ./Core/Src/AS5601.o
                0x0000000008000f62                read_status
 .text.read_output
                0x0000000008000ffc       0x48 ./Core/Src/AS5601.o
                0x0000000008000ffc                read_output
 .text.read_conf
                0x0000000008001044      0x112 ./Core/Src/AS5601.o
                0x0000000008001044                read_conf
 *fill*         0x0000000008001156        0x2 
 .text.set_update_rate
                0x0000000008001158       0x40 ./Core/Src/AS5601.o
                0x0000000008001158                set_update_rate
 .text.set_zero_power_mode
                0x0000000008001198       0x44 ./Core/Src/AS5601.o
                0x0000000008001198                set_zero_power_mode
 .text.encoder_init
                0x00000000080011dc       0x30 ./Core/Src/encoder.o
                0x00000000080011dc                encoder_init
 *fill*         0x000000000800120c        0x4 
 .text.encoder_update
                0x0000000008001210       0xac ./Core/Src/encoder.o
                0x0000000008001210                encoder_update
 .text.HAL_UART_RxCpltCallback
                0x00000000080012bc       0x20 ./Core/Src/logger.o
                0x00000000080012bc                HAL_UART_RxCpltCallback
 .text.HAL_UART_TxCpltCallback
                0x00000000080012dc       0x20 ./Core/Src/logger.o
                0x00000000080012dc                HAL_UART_TxCpltCallback
 .text.wait_for_host
                0x00000000080012fc       0xc8 ./Core/Src/logger.o
                0x00000000080012fc                wait_for_host
 .text.logger_task
                0x00000000080013c4       0xe8 ./Core/Src/logger.o
                0x00000000080013c4                logger_task
 .text.update_log_signal
                0x00000000080014ac       0x2c ./Core/Src/logger.o
                0x00000000080014ac                update_log_signal
 .text.HAL_GPIO_EXTI_Callback
                0x00000000080014d8       0x38 ./Core/Src/main.o
                0x00000000080014d8                HAL_GPIO_EXTI_Callback
 .text.main     0x0000000008001510       0xb8 ./Core/Src/main.o
                0x0000000008001510                main
 .text.SystemClock_Config
                0x00000000080015c8       0xe8 ./Core/Src/main.o
                0x00000000080015c8                SystemClock_Config
 .text.MX_ADC1_Init
                0x00000000080016b0       0xa4 ./Core/Src/main.o
 .text.MX_ADC2_Init
                0x0000000008001754       0xa4 ./Core/Src/main.o
 .text.MX_ADC3_Init
                0x00000000080017f8       0xa4 ./Core/Src/main.o
 .text.MX_I2C1_Init
                0x000000000800189c       0x5c ./Core/Src/main.o
 .text.MX_TIM2_Init
                0x00000000080018f8      0x118 ./Core/Src/main.o
 .text.MX_TIM3_Init
                0x0000000008001a10       0x9c ./Core/Src/main.o
 .text.MX_TIM5_Init
                0x0000000008001aac      0x118 ./Core/Src/main.o
 .text.MX_USART2_UART_Init
                0x0000000008001bc4       0x54 ./Core/Src/main.o
 .text.MX_GPIO_Init
                0x0000000008001c18      0x10c ./Core/Src/main.o
 .text.StartDefaultTask
                0x0000000008001d24       0x1a ./Core/Src/main.o
                0x0000000008001d24                StartDefaultTask
 *fill*         0x0000000008001d3e        0x2 
 .text.start_logging_task
                0x0000000008001d40       0x1c ./Core/Src/main.o
                0x0000000008001d40                start_logging_task
 .text.start_servo_task
                0x0000000008001d5c       0x38 ./Core/Src/main.o
                0x0000000008001d5c                start_servo_task
 .text.HAL_TIM_PeriodElapsedCallback
                0x0000000008001d94       0x24 ./Core/Src/main.o
                0x0000000008001d94                HAL_TIM_PeriodElapsedCallback
 .text.Error_Handler
                0x0000000008001db8        0xa ./Core/Src/main.o
                0x0000000008001db8                Error_Handler
 *fill*         0x0000000008001dc2        0x2 
 .text.mtr_init
                0x0000000008001dc4       0x60 ./Core/Src/motor.o
                0x0000000008001dc4                mtr_init
 .text.HAL_ADC_ConvCpltCallback
                0x0000000008001e24       0x54 ./Core/Src/motor.o
                0x0000000008001e24                HAL_ADC_ConvCpltCallback
 .text.limit_duty
                0x0000000008001e78       0x50 ./Core/Src/motor.o
                0x0000000008001e78                limit_duty
 .text.mtr_current_ctrl_step
                0x0000000008001ec8      0x18c ./Core/Src/motor.o
                0x0000000008001ec8                mtr_current_ctrl_step
 .text.mtr_set_U
                0x0000000008002054       0x4c ./Core/Src/motor.o
                0x0000000008002054                mtr_set_U
 .text.mtr_set_V
                0x00000000080020a0       0x4c ./Core/Src/motor.o
                0x00000000080020a0                mtr_set_V
 .text.mtr_set_W
                0x00000000080020ec       0x4c ./Core/Src/motor.o
                0x00000000080020ec                mtr_set_W
 .text.HAL_MspInit
                0x0000000008002138       0x58 ./Core/Src/stm32f4xx_hal_msp.o
                0x0000000008002138                HAL_MspInit
 .text.HAL_ADC_MspInit
                0x0000000008002190      0x17c ./Core/Src/stm32f4xx_hal_msp.o
                0x0000000008002190                HAL_ADC_MspInit
 .text.HAL_I2C_MspInit
                0x000000000800230c       0x90 ./Core/Src/stm32f4xx_hal_msp.o
                0x000000000800230c                HAL_I2C_MspInit
 .text.HAL_TIM_Base_MspInit
                0x000000000800239c       0xa4 ./Core/Src/stm32f4xx_hal_msp.o
                0x000000000800239c                HAL_TIM_Base_MspInit
 .text.HAL_TIM_MspPostInit
                0x0000000008002440       0x70 ./Core/Src/stm32f4xx_hal_msp.o
                0x0000000008002440                HAL_TIM_MspPostInit
 .text.HAL_UART_MspInit
                0x00000000080024b0       0xa0 ./Core/Src/stm32f4xx_hal_msp.o
                0x00000000080024b0                HAL_UART_MspInit
 .text.HAL_InitTick
                0x0000000008002550       0xe8 ./Core/Src/stm32f4xx_hal_timebase_tim.o
                0x0000000008002550                HAL_InitTick
 .text.NMI_Handler
                0x0000000008002638        0x6 ./Core/Src/stm32f4xx_it.o
                0x0000000008002638                NMI_Handler
 .text.HardFault_Handler
                0x000000000800263e        0x6 ./Core/Src/stm32f4xx_it.o
                0x000000000800263e                HardFault_Handler
 .text.MemManage_Handler
                0x0000000008002644        0x6 ./Core/Src/stm32f4xx_it.o
                0x0000000008002644                MemManage_Handler
 .text.BusFault_Handler
                0x000000000800264a        0x6 ./Core/Src/stm32f4xx_it.o
                0x000000000800264a                BusFault_Handler
 .text.UsageFault_Handler
                0x0000000008002650        0x6 ./Core/Src/stm32f4xx_it.o
                0x0000000008002650                UsageFault_Handler
 .text.DebugMon_Handler
                0x0000000008002656        0xe ./Core/Src/stm32f4xx_it.o
                0x0000000008002656                DebugMon_Handler
 .text.ADC_IRQHandler
                0x0000000008002664       0x28 ./Core/Src/stm32f4xx_it.o
                0x0000000008002664                ADC_IRQHandler
 .text.TIM1_UP_TIM10_IRQHandler
                0x000000000800268c       0x14 ./Core/Src/stm32f4xx_it.o
                0x000000000800268c                TIM1_UP_TIM10_IRQHandler
 .text.TIM3_IRQHandler
                0x00000000080026a0       0x18 ./Core/Src/stm32f4xx_it.o
                0x00000000080026a0                TIM3_IRQHandler
 .text.USART2_IRQHandler
                0x00000000080026b8       0x14 ./Core/Src/stm32f4xx_it.o
                0x00000000080026b8                USART2_IRQHandler
 .text.EXTI15_10_IRQHandler
                0x00000000080026cc       0x10 ./Core/Src/stm32f4xx_it.o
                0x00000000080026cc                EXTI15_10_IRQHandler
 .text.SystemInit
                0x00000000080026dc       0x24 ./Core/Src/system_stm32f4xx.o
                0x00000000080026dc                SystemInit
 .text.Reset_Handler
                0x0000000008002700       0x50 ./Core/Startup/startup_stm32f446retx.o
                0x0000000008002700                Reset_Handler
 .text.Default_Handler
                0x0000000008002750        0x2 ./Core/Startup/startup_stm32f446retx.o
                0x0000000008002750                RTC_Alarm_IRQHandler
                0x0000000008002750                EXTI2_IRQHandler
                0x0000000008002750                TIM8_CC_IRQHandler
                0x0000000008002750                FMPI2C1_EV_IRQHandler
                0x0000000008002750                SPI4_IRQHandler
                0x0000000008002750                TIM1_CC_IRQHandler
                0x0000000008002750                DMA2_Stream5_IRQHandler
                0x0000000008002750                DMA1_Stream5_IRQHandler
                0x0000000008002750                PVD_IRQHandler
                0x0000000008002750                SDIO_IRQHandler
                0x0000000008002750                TAMP_STAMP_IRQHandler
                0x0000000008002750                CAN2_RX1_IRQHandler
                0x0000000008002750                EXTI3_IRQHandler
                0x0000000008002750                TIM8_TRG_COM_TIM14_IRQHandler
                0x0000000008002750                TIM8_UP_TIM13_IRQHandler
                0x0000000008002750                I2C3_ER_IRQHandler
                0x0000000008002750                EXTI0_IRQHandler
                0x0000000008002750                I2C2_EV_IRQHandler
                0x0000000008002750                DMA1_Stream2_IRQHandler
                0x0000000008002750                CAN1_RX0_IRQHandler
                0x0000000008002750                FPU_IRQHandler
                0x0000000008002750                OTG_HS_WKUP_IRQHandler
                0x0000000008002750                CAN2_SCE_IRQHandler
                0x0000000008002750                DMA2_Stream2_IRQHandler
                0x0000000008002750                SPI1_IRQHandler
                0x0000000008002750                TIM6_DAC_IRQHandler
                0x0000000008002750                TIM1_BRK_TIM9_IRQHandler
                0x0000000008002750                DCMI_IRQHandler
                0x0000000008002750                CAN2_RX0_IRQHandler
                0x0000000008002750                DMA2_Stream3_IRQHandler
                0x0000000008002750                SAI2_IRQHandler
                0x0000000008002750                USART6_IRQHandler
                0x0000000008002750                USART3_IRQHandler
                0x0000000008002750                CAN1_RX1_IRQHandler
                0x0000000008002750                UART5_IRQHandler
                0x0000000008002750                DMA2_Stream0_IRQHandler
                0x0000000008002750                TIM4_IRQHandler
                0x0000000008002750                QUADSPI_IRQHandler
                0x0000000008002750                I2C1_EV_IRQHandler
                0x0000000008002750                DMA1_Stream6_IRQHandler
                0x0000000008002750                DMA1_Stream1_IRQHandler
                0x0000000008002750                UART4_IRQHandler
                0x0000000008002750                RCC_IRQHandler
                0x0000000008002750                TIM8_BRK_TIM12_IRQHandler
                0x0000000008002750                Default_Handler
                0x0000000008002750                CEC_IRQHandler
                0x0000000008002750                DMA1_Stream7_IRQHandler
                0x0000000008002750                TIM7_IRQHandler
                0x0000000008002750                CAN2_TX_IRQHandler
                0x0000000008002750                TIM5_IRQHandler
                0x0000000008002750                DMA2_Stream7_IRQHandler
                0x0000000008002750                I2C3_EV_IRQHandler
                0x0000000008002750                EXTI9_5_IRQHandler
                0x0000000008002750                RTC_WKUP_IRQHandler
                0x0000000008002750                SPDIF_RX_IRQHandler
                0x0000000008002750                SPI2_IRQHandler
                0x0000000008002750                OTG_HS_EP1_IN_IRQHandler
                0x0000000008002750                DMA1_Stream0_IRQHandler
                0x0000000008002750                CAN1_TX_IRQHandler
                0x0000000008002750                FMPI2C1_ER_IRQHandler
                0x0000000008002750                EXTI4_IRQHandler
                0x0000000008002750                OTG_HS_EP1_OUT_IRQHandler
                0x0000000008002750                WWDG_IRQHandler
                0x0000000008002750                TIM2_IRQHandler
                0x0000000008002750                OTG_FS_WKUP_IRQHandler
                0x0000000008002750                TIM1_TRG_COM_TIM11_IRQHandler
                0x0000000008002750                OTG_HS_IRQHandler
                0x0000000008002750                EXTI1_IRQHandler
                0x0000000008002750                I2C2_ER_IRQHandler
                0x0000000008002750                DMA2_Stream1_IRQHandler
                0x0000000008002750                CAN1_SCE_IRQHandler
                0x0000000008002750                FLASH_IRQHandler
                0x0000000008002750                DMA2_Stream4_IRQHandler
                0x0000000008002750                USART1_IRQHandler
                0x0000000008002750                OTG_FS_IRQHandler
                0x0000000008002750                SPI3_IRQHandler
                0x0000000008002750                DMA1_Stream4_IRQHandler
                0x0000000008002750                I2C1_ER_IRQHandler
                0x0000000008002750                FMC_IRQHandler
                0x0000000008002750                DMA2_Stream6_IRQHandler
                0x0000000008002750                SAI1_IRQHandler
                0x0000000008002750                DMA1_Stream3_IRQHandler
 *fill*         0x0000000008002752        0x2 
 .text.HAL_Init
                0x0000000008002754       0x44 ./Drivers/STM32F4xx_HAL_Driver/Src/stm32f4xx_hal.o
                0x0000000008002754                HAL_Init
 .text.HAL_IncTick
                0x0000000008002798       0x28 ./Drivers/STM32F4xx_HAL_Driver/Src/stm32f4xx_hal.o
                0x0000000008002798                HAL_IncTick
 .text.HAL_GetTick
                0x00000000080027c0       0x18 ./Drivers/STM32F4xx_HAL_Driver/Src/stm32f4xx_hal.o
                0x00000000080027c0                HAL_GetTick
 .text.HAL_ADC_Init
                0x00000000080027d8       0x86 ./Drivers/STM32F4xx_HAL_Driver/Src/stm32f4xx_hal_adc.o
                0x00000000080027d8                HAL_ADC_Init
 *fill*         0x000000000800285e        0x2 
 .text.HAL_ADC_Start_IT
                0x0000000008002860      0x1bc ./Drivers/STM32F4xx_HAL_Driver/Src/stm32f4xx_hal_adc.o
                0x0000000008002860                HAL_ADC_Start_IT
 .text.HAL_ADC_IRQHandler
                0x0000000008002a1c      0x220 ./Drivers/STM32F4xx_HAL_Driver/Src/stm32f4xx_hal_adc.o
                0x0000000008002a1c                HAL_ADC_IRQHandler
 .text.HAL_ADC_GetValue
                0x0000000008002c3c       0x1a ./Drivers/STM32F4xx_HAL_Driver/Src/stm32f4xx_hal_adc.o
                0x0000000008002c3c                HAL_ADC_GetValue
 .text.HAL_ADC_LevelOutOfWindowCallback
                0x0000000008002c56       0x14 ./Drivers/STM32F4xx_HAL_Driver/Src/stm32f4xx_hal_adc.o
                0x0000000008002c56                HAL_ADC_LevelOutOfWindowCallback
 .text.HAL_ADC_ErrorCallback
                0x0000000008002c6a       0x14 ./Drivers/STM32F4xx_HAL_Driver/Src/stm32f4xx_hal_adc.o
                0x0000000008002c6a                HAL_ADC_ErrorCallback
 *fill*         0x0000000008002c7e        0x2 
 .text.HAL_ADC_ConfigChannel
                0x0000000008002c80      0x264 ./Drivers/STM32F4xx_HAL_Driver/Src/stm32f4xx_hal_adc.o
                0x0000000008002c80                HAL_ADC_ConfigChannel
 .text.ADC_Init
                0x0000000008002ee4      0x1f8 ./Drivers/STM32F4xx_HAL_Driver/Src/stm32f4xx_hal_adc.o
 .text.HAL_ADCEx_InjectedConvCpltCallback
                0x00000000080030dc       0x14 ./Drivers/STM32F4xx_HAL_Driver/Src/stm32f4xx_hal_adc_ex.o
                0x00000000080030dc                HAL_ADCEx_InjectedConvCpltCallback
 .text.__NVIC_SetPriorityGrouping
                0x00000000080030f0       0x48 ./Drivers/STM32F4xx_HAL_Driver/Src/stm32f4xx_hal_cortex.o
 .text.__NVIC_GetPriorityGrouping
                0x0000000008003138       0x1c ./Drivers/STM32F4xx_HAL_Driver/Src/stm32f4xx_hal_cortex.o
 .text.__NVIC_EnableIRQ
                0x0000000008003154       0x3c ./Drivers/STM32F4xx_HAL_Driver/Src/stm32f4xx_hal_cortex.o
 .text.__NVIC_SetPriority
                0x0000000008003190       0x54 ./Drivers/STM32F4xx_HAL_Driver/Src/stm32f4xx_hal_cortex.o
 .text.NVIC_EncodePriority
                0x00000000080031e4       0x66 ./Drivers/STM32F4xx_HAL_Driver/Src/stm32f4xx_hal_cortex.o
 .text.HAL_NVIC_SetPriorityGrouping
                0x000000000800324a       0x16 ./Drivers/STM32F4xx_HAL_Driver/Src/stm32f4xx_hal_cortex.o
                0x000000000800324a                HAL_NVIC_SetPriorityGrouping
 .text.HAL_NVIC_SetPriority
                0x0000000008003260       0x38 ./Drivers/STM32F4xx_HAL_Driver/Src/stm32f4xx_hal_cortex.o
                0x0000000008003260                HAL_NVIC_SetPriority
 .text.HAL_NVIC_EnableIRQ
                0x0000000008003298       0x1c ./Drivers/STM32F4xx_HAL_Driver/Src/stm32f4xx_hal_cortex.o
                0x0000000008003298                HAL_NVIC_EnableIRQ
 .text.HAL_DMA_Abort
                0x00000000080032b4       0xe0 ./Drivers/STM32F4xx_HAL_Driver/Src/stm32f4xx_hal_dma.o
                0x00000000080032b4                HAL_DMA_Abort
 .text.HAL_DMA_Abort_IT
                0x0000000008003394       0x44 ./Drivers/STM32F4xx_HAL_Driver/Src/stm32f4xx_hal_dma.o
                0x0000000008003394                HAL_DMA_Abort_IT
 .text.HAL_GPIO_Init
                0x00000000080033d8      0x328 ./Drivers/STM32F4xx_HAL_Driver/Src/stm32f4xx_hal_gpio.o
                0x00000000080033d8                HAL_GPIO_Init
 .text.HAL_GPIO_WritePin
                0x0000000008003700       0x32 ./Drivers/STM32F4xx_HAL_Driver/Src/stm32f4xx_hal_gpio.o
                0x0000000008003700                HAL_GPIO_WritePin
 *fill*         0x0000000008003732        0x2 
 .text.HAL_GPIO_EXTI_IRQHandler
                0x0000000008003734       0x30 ./Drivers/STM32F4xx_HAL_Driver/Src/stm32f4xx_hal_gpio.o
                0x0000000008003734                HAL_GPIO_EXTI_IRQHandler
 .text.HAL_I2C_Init
                0x0000000008003764      0x288 ./Drivers/STM32F4xx_HAL_Driver/Src/stm32f4xx_hal_i2c.o
                0x0000000008003764                HAL_I2C_Init
 .text.HAL_I2C_Master_Transmit
                0x00000000080039ec      0x1fc ./Drivers/STM32F4xx_HAL_Driver/Src/stm32f4xx_hal_i2c.o
                0x00000000080039ec                HAL_I2C_Master_Transmit
 .text.HAL_I2C_Master_Receive
                0x0000000008003be8      0x44c ./Drivers/STM32F4xx_HAL_Driver/Src/stm32f4xx_hal_i2c.o
                0x0000000008003be8                HAL_I2C_Master_Receive
 .text.I2C_MasterRequestWrite
                0x0000000008004034      0x104 ./Drivers/STM32F4xx_HAL_Driver/Src/stm32f4xx_hal_i2c.o
 .text.I2C_MasterRequestRead
                0x0000000008004138      0x19c ./Drivers/STM32F4xx_HAL_Driver/Src/stm32f4xx_hal_i2c.o
 .text.I2C_WaitOnFlagUntilTimeout
                0x00000000080042d4       0xae ./Drivers/STM32F4xx_HAL_Driver/Src/stm32f4xx_hal_i2c.o
 .text.I2C_WaitOnMasterAddressFlagUntilTimeout
                0x0000000008004382       0xfe ./Drivers/STM32F4xx_HAL_Driver/Src/stm32f4xx_hal_i2c.o
 .text.I2C_WaitOnTXEFlagUntilTimeout
                0x0000000008004480       0x82 ./Drivers/STM32F4xx_HAL_Driver/Src/stm32f4xx_hal_i2c.o
 .text.I2C_WaitOnBTFFlagUntilTimeout
                0x0000000008004502       0x82 ./Drivers/STM32F4xx_HAL_Driver/Src/stm32f4xx_hal_i2c.o
 .text.I2C_WaitOnRXNEFlagUntilTimeout
                0x0000000008004584       0xac ./Drivers/STM32F4xx_HAL_Driver/Src/stm32f4xx_hal_i2c.o
 .text.I2C_IsAcknowledgeFailed
                0x0000000008004630       0x5e ./Drivers/STM32F4xx_HAL_Driver/Src/stm32f4xx_hal_i2c.o
 *fill*         0x000000000800468e        0x2 
 .text.HAL_PWREx_EnableOverDrive
                0x0000000008004690       0xa0 ./Drivers/STM32F4xx_HAL_Driver/Src/stm32f4xx_hal_pwr_ex.o
                0x0000000008004690                HAL_PWREx_EnableOverDrive
 .text.HAL_RCC_ClockConfig
                0x0000000008004730      0x1cc ./Drivers/STM32F4xx_HAL_Driver/Src/stm32f4xx_hal_rcc.o
                0x0000000008004730                HAL_RCC_ClockConfig
 .text.HAL_RCC_GetHCLKFreq
                0x00000000080048fc       0x18 ./Drivers/STM32F4xx_HAL_Driver/Src/stm32f4xx_hal_rcc.o
                0x00000000080048fc                HAL_RCC_GetHCLKFreq
 .text.HAL_RCC_GetPCLK1Freq
                0x0000000008004914       0x28 ./Drivers/STM32F4xx_HAL_Driver/Src/stm32f4xx_hal_rcc.o
                0x0000000008004914                HAL_RCC_GetPCLK1Freq
 .text.HAL_RCC_GetPCLK2Freq
                0x000000000800493c       0x28 ./Drivers/STM32F4xx_HAL_Driver/Src/stm32f4xx_hal_rcc.o
                0x000000000800493c                HAL_RCC_GetPCLK2Freq
 .text.HAL_RCC_GetClockConfig
                0x0000000008004964       0x64 ./Drivers/STM32F4xx_HAL_Driver/Src/stm32f4xx_hal_rcc.o
                0x0000000008004964                HAL_RCC_GetClockConfig
 .text.HAL_RCC_GetSysClockFreq
                0x00000000080049c8      0x460 ./Drivers/STM32F4xx_HAL_Driver/Src/stm32f4xx_hal_rcc_ex.o
                0x00000000080049c8                HAL_RCC_GetSysClockFreq
 .text.HAL_RCC_OscConfig
                0x0000000008004e28      0x53c ./Drivers/STM32F4xx_HAL_Driver/Src/stm32f4xx_hal_rcc_ex.o
                0x0000000008004e28                HAL_RCC_OscConfig
 .text.HAL_TIM_Base_Init
                0x0000000008005364       0x9e ./Drivers/STM32F4xx_HAL_Driver/Src/stm32f4xx_hal_tim.o
                0x0000000008005364                HAL_TIM_Base_Init
 *fill*         0x0000000008005402        0x2 
 .text.HAL_TIM_Base_Start_IT
                0x0000000008005404       0xe0 ./Drivers/STM32F4xx_HAL_Driver/Src/stm32f4xx_hal_tim.o
                0x0000000008005404                HAL_TIM_Base_Start_IT
 .text.HAL_TIM_PWM_Init
                0x00000000080054e4       0x9e ./Drivers/STM32F4xx_HAL_Driver/Src/stm32f4xx_hal_tim.o
                0x00000000080054e4                HAL_TIM_PWM_Init
 .text.HAL_TIM_PWM_MspInit
                0x0000000008005582       0x14 ./Drivers/STM32F4xx_HAL_Driver/Src/stm32f4xx_hal_tim.o
                0x0000000008005582                HAL_TIM_PWM_MspInit
 *fill*         0x0000000008005596        0x2 
 .text.HAL_TIM_PWM_Start
                0x0000000008005598      0x190 ./Drivers/STM32F4xx_HAL_Driver/Src/stm32f4xx_hal_tim.o
                0x0000000008005598                HAL_TIM_PWM_Start
 .text.HAL_TIM_IRQHandler
                0x0000000008005728      0x210 ./Drivers/STM32F4xx_HAL_Driver/Src/stm32f4xx_hal_tim.o
                0x0000000008005728                HAL_TIM_IRQHandler
 .text.HAL_TIM_PWM_ConfigChannel
                0x0000000008005938      0x184 ./Drivers/STM32F4xx_HAL_Driver/Src/stm32f4xx_hal_tim.o
                0x0000000008005938                HAL_TIM_PWM_ConfigChannel
 .text.HAL_TIM_ConfigClockSource
                0x0000000008005abc      0x18e ./Drivers/STM32F4xx_HAL_Driver/Src/stm32f4xx_hal_tim.o
                0x0000000008005abc                HAL_TIM_ConfigClockSource
 .text.HAL_TIM_SlaveConfigSynchro
                0x0000000008005c4a       0x84 ./Drivers/STM32F4xx_HAL_Driver/Src/stm32f4xx_hal_tim.o
                0x0000000008005c4a                HAL_TIM_SlaveConfigSynchro
 .text.HAL_TIM_OC_DelayElapsedCallback
                0x0000000008005cce       0x14 ./Drivers/STM32F4xx_HAL_Driver/Src/stm32f4xx_hal_tim.o
                0x0000000008005cce                HAL_TIM_OC_DelayElapsedCallback
 .text.HAL_TIM_IC_CaptureCallback
                0x0000000008005ce2       0x14 ./Drivers/STM32F4xx_HAL_Driver/Src/stm32f4xx_hal_tim.o
                0x0000000008005ce2                HAL_TIM_IC_CaptureCallback
 .text.HAL_TIM_PWM_PulseFinishedCallback
                0x0000000008005cf6       0x14 ./Drivers/STM32F4xx_HAL_Driver/Src/stm32f4xx_hal_tim.o
                0x0000000008005cf6                HAL_TIM_PWM_PulseFinishedCallback
 .text.HAL_TIM_TriggerCallback
                0x0000000008005d0a       0x14 ./Drivers/STM32F4xx_HAL_Driver/Src/stm32f4xx_hal_tim.o
                0x0000000008005d0a                HAL_TIM_TriggerCallback
 *fill*         0x0000000008005d1e        0x2 
 .text.TIM_Base_SetConfig
                0x0000000008005d20      0x140 ./Drivers/STM32F4xx_HAL_Driver/Src/stm32f4xx_hal_tim.o
                0x0000000008005d20                TIM_Base_SetConfig
 .text.TIM_OC1_SetConfig
                0x0000000008005e60       0xe0 ./Drivers/STM32F4xx_HAL_Driver/Src/stm32f4xx_hal_tim.o
 .text.TIM_OC2_SetConfig
                0x0000000008005f40       0xec ./Drivers/STM32F4xx_HAL_Driver/Src/stm32f4xx_hal_tim.o
                0x0000000008005f40                TIM_OC2_SetConfig
 .text.TIM_OC3_SetConfig
                0x000000000800602c       0xe8 ./Drivers/STM32F4xx_HAL_Driver/Src/stm32f4xx_hal_tim.o
 .text.TIM_OC4_SetConfig
                0x0000000008006114       0xac ./Drivers/STM32F4xx_HAL_Driver/Src/stm32f4xx_hal_tim.o
 .text.TIM_SlaveTimer_SetConfig
                0x00000000080061c0      0x122 ./Drivers/STM32F4xx_HAL_Driver/Src/stm32f4xx_hal_tim.o
 .text.TIM_TI1_ConfigInputStage
                0x00000000080062e2       0x5e ./Drivers/STM32F4xx_HAL_Driver/Src/stm32f4xx_hal_tim.o
 .text.TIM_TI2_ConfigInputStage
                0x0000000008006340       0x60 ./Drivers/STM32F4xx_HAL_Driver/Src/stm32f4xx_hal_tim.o
 .text.TIM_ITRx_SetConfig
                0x00000000080063a0       0x36 ./Drivers/STM32F4xx_HAL_Driver/Src/stm32f4xx_hal_tim.o
 .text.TIM_ETR_SetConfig
                0x00000000080063d6       0x40 ./Drivers/STM32F4xx_HAL_Driver/Src/stm32f4xx_hal_tim.o
                0x00000000080063d6                TIM_ETR_SetConfig
 .text.TIM_CCxChannelCmd
                0x0000000008006416       0x4a ./Drivers/STM32F4xx_HAL_Driver/Src/stm32f4xx_hal_tim.o
                0x0000000008006416                TIM_CCxChannelCmd
 .text.HAL_TIMEx_MasterConfigSynchronization
                0x0000000008006460       0xf8 ./Drivers/STM32F4xx_HAL_Driver/Src/stm32f4xx_hal_tim_ex.o
                0x0000000008006460                HAL_TIMEx_MasterConfigSynchronization
 .text.HAL_TIMEx_CommutCallback
                0x0000000008006558       0x14 ./Drivers/STM32F4xx_HAL_Driver/Src/stm32f4xx_hal_tim_ex.o
                0x0000000008006558                HAL_TIMEx_CommutCallback
 .text.HAL_TIMEx_BreakCallback
                0x000000000800656c       0x14 ./Drivers/STM32F4xx_HAL_Driver/Src/stm32f4xx_hal_tim_ex.o
                0x000000000800656c                HAL_TIMEx_BreakCallback
 .text.HAL_UART_Init
                0x0000000008006580       0x9a ./Drivers/STM32F4xx_HAL_Driver/Src/stm32f4xx_hal_uart.o
                0x0000000008006580                HAL_UART_Init
 .text.HAL_UART_Transmit
                0x000000000800661a      0x124 ./Drivers/STM32F4xx_HAL_Driver/Src/stm32f4xx_hal_uart.o
                0x000000000800661a                HAL_UART_Transmit
 .text.HAL_UART_Transmit_IT
                0x000000000800673e       0x8a ./Drivers/STM32F4xx_HAL_Driver/Src/stm32f4xx_hal_uart.o
                0x000000000800673e                HAL_UART_Transmit_IT
 .text.HAL_UART_Receive_IT
                0x00000000080067c8       0x60 ./Drivers/STM32F4xx_HAL_Driver/Src/stm32f4xx_hal_uart.o
                0x00000000080067c8                HAL_UART_Receive_IT
 .text.HAL_UART_IRQHandler
                0x0000000008006828      0x51c ./Drivers/STM32F4xx_HAL_Driver/Src/stm32f4xx_hal_uart.o
                0x0000000008006828                HAL_UART_IRQHandler
 .text.HAL_UART_ErrorCallback
                0x0000000008006d44       0x14 ./Drivers/STM32F4xx_HAL_Driver/Src/stm32f4xx_hal_uart.o
                0x0000000008006d44                HAL_UART_ErrorCallback
 .text.HAL_UARTEx_RxEventCallback
                0x0000000008006d58       0x18 ./Drivers/STM32F4xx_HAL_Driver/Src/stm32f4xx_hal_uart.o
                0x0000000008006d58                HAL_UARTEx_RxEventCallback
 .text.UART_WaitOnFlagUntilTimeout
                0x0000000008006d70       0xdc ./Drivers/STM32F4xx_HAL_Driver/Src/stm32f4xx_hal_uart.o
 .text.UART_Start_Receive_IT
                0x0000000008006e4c       0x7c ./Drivers/STM32F4xx_HAL_Driver/Src/stm32f4xx_hal_uart.o
                0x0000000008006e4c                UART_Start_Receive_IT
 .text.UART_EndRxTransfer
                0x0000000008006ec8       0xc6 ./Drivers/STM32F4xx_HAL_Driver/Src/stm32f4xx_hal_uart.o
 .text.UART_DMAAbortOnError
                0x0000000008006f8e       0x28 ./Drivers/STM32F4xx_HAL_Driver/Src/stm32f4xx_hal_uart.o
 .text.UART_Transmit_IT
                0x0000000008006fb6       0xa0 ./Drivers/STM32F4xx_HAL_Driver/Src/stm32f4xx_hal_uart.o
 .text.UART_EndTransmit_IT
                0x0000000008007056       0x30 ./Drivers/STM32F4xx_HAL_Driver/Src/stm32f4xx_hal_uart.o
 .text.UART_Receive_IT
                0x0000000008007086      0x176 ./Drivers/STM32F4xx_HAL_Driver/Src/stm32f4xx_hal_uart.o
 .text.UART_SetConfig
                0x00000000080071fc      0x4e8 ./Drivers/STM32F4xx_HAL_Driver/Src/stm32f4xx_hal_uart.o
 .text.__NVIC_SetPriority
                0x00000000080076e4       0x54 ./Middlewares/Third_Party/FreeRTOS/Source/CMSIS_RTOS_V2/cmsis_os2.o
 .text.SysTick_Handler
                0x0000000008007738       0x20 ./Middlewares/Third_Party/FreeRTOS/Source/CMSIS_RTOS_V2/cmsis_os2.o
                0x0000000008007738                SysTick_Handler
 .text.SVC_Setup
                0x0000000008007758       0x12 ./Middlewares/Third_Party/FreeRTOS/Source/CMSIS_RTOS_V2/cmsis_os2.o
 *fill*         0x000000000800776a        0x2 
 .text.osKernelInitialize
                0x000000000800776c       0x48 ./Middlewares/Third_Party/FreeRTOS/Source/CMSIS_RTOS_V2/cmsis_os2.o
                0x000000000800776c                osKernelInitialize
 .text.osKernelStart
                0x00000000080077b4       0x4c ./Middlewares/Third_Party/FreeRTOS/Source/CMSIS_RTOS_V2/cmsis_os2.o
                0x00000000080077b4                osKernelStart
 .text.osKernelGetTickCount
                0x0000000008007800       0x2a ./Middlewares/Third_Party/FreeRTOS/Source/CMSIS_RTOS_V2/cmsis_os2.o
                0x0000000008007800                osKernelGetTickCount
 .text.osThreadNew
                0x000000000800782a      0x124 ./Middlewares/Third_Party/FreeRTOS/Source/CMSIS_RTOS_V2/cmsis_os2.o
                0x000000000800782a                osThreadNew
 .text.osDelay  0x000000000800794e       0x36 ./Middlewares/Third_Party/FreeRTOS/Source/CMSIS_RTOS_V2/cmsis_os2.o
                0x000000000800794e                osDelay
 .text.vApplicationGetIdleTaskMemory
                0x0000000008007984       0x34 ./Middlewares/Third_Party/FreeRTOS/Source/CMSIS_RTOS_V2/cmsis_os2.o
                0x0000000008007984                vApplicationGetIdleTaskMemory
 .text.vApplicationGetTimerTaskMemory
                0x00000000080079b8       0x34 ./Middlewares/Third_Party/FreeRTOS/Source/CMSIS_RTOS_V2/cmsis_os2.o
                0x00000000080079b8                vApplicationGetTimerTaskMemory
 .text.vListInitialise
                0x00000000080079ec       0x40 ./Middlewares/Third_Party/FreeRTOS/Source/list.o
                0x00000000080079ec                vListInitialise
 .text.vListInitialiseItem
                0x0000000008007a2c       0x1a ./Middlewares/Third_Party/FreeRTOS/Source/list.o
                0x0000000008007a2c                vListInitialiseItem
 .text.vListInsertEnd
                0x0000000008007a46       0x48 ./Middlewares/Third_Party/FreeRTOS/Source/list.o
                0x0000000008007a46                vListInsertEnd
 .text.vListInsert
                0x0000000008007a8e       0x72 ./Middlewares/Third_Party/FreeRTOS/Source/list.o
                0x0000000008007a8e                vListInsert
 .text.uxListRemove
                0x0000000008007b00       0x54 ./Middlewares/Third_Party/FreeRTOS/Source/list.o
                0x0000000008007b00                uxListRemove
 .text.xQueueGenericReset
                0x0000000008007b54       0xd0 ./Middlewares/Third_Party/FreeRTOS/Source/queue.o
                0x0000000008007b54                xQueueGenericReset
 .text.xQueueGenericCreateStatic
                0x0000000008007c24       0xf0 ./Middlewares/Third_Party/FreeRTOS/Source/queue.o
                0x0000000008007c24                xQueueGenericCreateStatic
 .text.prvInitialiseNewQueue
                0x0000000008007d14       0x46 ./Middlewares/Third_Party/FreeRTOS/Source/queue.o
 *fill*         0x0000000008007d5a        0x2 
 .text.xQueueGenericSend
                0x0000000008007d5c      0x1fc ./Middlewares/Third_Party/FreeRTOS/Source/queue.o
                0x0000000008007d5c                xQueueGenericSend
 .text.xQueueGenericSendFromISR
                0x0000000008007f58      0x136 ./Middlewares/Third_Party/FreeRTOS/Source/queue.o
                0x0000000008007f58                xQueueGenericSendFromISR
 *fill*         0x000000000800808e        0x2 
 .text.xQueueReceive
                0x0000000008008090      0x1c0 ./Middlewares/Third_Party/FreeRTOS/Source/queue.o
                0x0000000008008090                xQueueReceive
 .text.prvCopyDataToQueue
                0x0000000008008250       0xd4 ./Middlewares/Third_Party/FreeRTOS/Source/queue.o
 .text.prvCopyDataFromQueue
                0x0000000008008324       0x4c ./Middlewares/Third_Party/FreeRTOS/Source/queue.o
 .text.prvUnlockQueue
                0x0000000008008370       0xa4 ./Middlewares/Third_Party/FreeRTOS/Source/queue.o
 .text.prvIsQueueEmpty
                0x0000000008008414       0x2c ./Middlewares/Third_Party/FreeRTOS/Source/queue.o
 .text.prvIsQueueFull
                0x0000000008008440       0x30 ./Middlewares/Third_Party/FreeRTOS/Source/queue.o
 .text.vQueueAddToRegistry
                0x0000000008008470       0x54 ./Middlewares/Third_Party/FreeRTOS/Source/queue.o
                0x0000000008008470                vQueueAddToRegistry
 .text.vQueueWaitForMessageRestricted
                0x00000000080084c4       0x68 ./Middlewares/Third_Party/FreeRTOS/Source/queue.o
                0x00000000080084c4                vQueueWaitForMessageRestricted
 .text.xTaskCreateStatic
                0x000000000800852c       0xba ./Middlewares/Third_Party/FreeRTOS/Source/tasks.o
                0x000000000800852c                xTaskCreateStatic
 .text.xTaskCreate
                0x00000000080085e6       0x8a ./Middlewares/Third_Party/FreeRTOS/Source/tasks.o
                0x00000000080085e6                xTaskCreate
 .text.prvInitialiseNewTask
                0x0000000008008670      0x14c ./Middlewares/Third_Party/FreeRTOS/Source/tasks.o
 .text.prvAddNewTaskToReadyList
                0x00000000080087bc       0xe0 ./Middlewares/Third_Party/FreeRTOS/Source/tasks.o
 .text.vTaskDelay
                0x000000000800889c       0x68 ./Middlewares/Third_Party/FreeRTOS/Source/tasks.o
                0x000000000800889c                vTaskDelay
 .text.vTaskStartScheduler
                0x0000000008008904       0xe0 ./Middlewares/Third_Party/FreeRTOS/Source/tasks.o
                0x0000000008008904                vTaskStartScheduler
 .text.vTaskSuspendAll
                0x00000000080089e4       0x1c ./Middlewares/Third_Party/FreeRTOS/Source/tasks.o
                0x00000000080089e4                vTaskSuspendAll
 .text.xTaskResumeAll
                0x0000000008008a00      0x13c ./Middlewares/Third_Party/FreeRTOS/Source/tasks.o
                0x0000000008008a00                xTaskResumeAll
 .text.xTaskGetTickCount
                0x0000000008008b3c       0x20 ./Middlewares/Third_Party/FreeRTOS/Source/tasks.o
                0x0000000008008b3c                xTaskGetTickCount
 .text.xTaskGetTickCountFromISR
                0x0000000008008b5c       0x24 ./Middlewares/Third_Party/FreeRTOS/Source/tasks.o
                0x0000000008008b5c                xTaskGetTickCountFromISR
 .text.xTaskIncrementTick
                0x0000000008008b80      0x174 ./Middlewares/Third_Party/FreeRTOS/Source/tasks.o
                0x0000000008008b80                xTaskIncrementTick
 .text.vTaskSwitchContext
                0x0000000008008cf4       0xc8 ./Middlewares/Third_Party/FreeRTOS/Source/tasks.o
                0x0000000008008cf4                vTaskSwitchContext
 .text.vTaskPlaceOnEventList
                0x0000000008008dbc       0x48 ./Middlewares/Third_Party/FreeRTOS/Source/tasks.o
                0x0000000008008dbc                vTaskPlaceOnEventList
 .text.vTaskPlaceOnEventListRestricted
                0x0000000008008e04       0x58 ./Middlewares/Third_Party/FreeRTOS/Source/tasks.o
                0x0000000008008e04                vTaskPlaceOnEventListRestricted
 .text.xTaskRemoveFromEventList
                0x0000000008008e5c       0xc8 ./Middlewares/Third_Party/FreeRTOS/Source/tasks.o
                0x0000000008008e5c                xTaskRemoveFromEventList
 .text.vTaskInternalSetTimeOutState
                0x0000000008008f24       0x2c ./Middlewares/Third_Party/FreeRTOS/Source/tasks.o
                0x0000000008008f24                vTaskInternalSetTimeOutState
 .text.xTaskCheckForTimeOut
                0x0000000008008f50       0xc4 ./Middlewares/Third_Party/FreeRTOS/Source/tasks.o
                0x0000000008008f50                xTaskCheckForTimeOut
 .text.vTaskMissedYield
                0x0000000008009014       0x18 ./Middlewares/Third_Party/FreeRTOS/Source/tasks.o
                0x0000000008009014                vTaskMissedYield
 .text.prvIdleTask
                0x000000000800902c       0x30 ./Middlewares/Third_Party/FreeRTOS/Source/tasks.o
 .text.prvInitialiseTaskLists
                0x000000000800905c       0x80 ./Middlewares/Third_Party/FreeRTOS/Source/tasks.o
 .text.prvCheckTasksWaitingTermination
                0x00000000080090dc       0x5c ./Middlewares/Third_Party/FreeRTOS/Source/tasks.o
 .text.prvDeleteTCB
                0x0000000008009138       0x68 ./Middlewares/Third_Party/FreeRTOS/Source/tasks.o
 .text.prvResetNextTaskUnblockTime
                0x00000000080091a0       0x40 ./Middlewares/Third_Party/FreeRTOS/Source/tasks.o
 .text.xTaskGetSchedulerState
                0x00000000080091e0       0x3c ./Middlewares/Third_Party/FreeRTOS/Source/tasks.o
                0x00000000080091e0                xTaskGetSchedulerState
 .text.xTaskPriorityDisinherit
                0x000000000800921c       0xdc ./Middlewares/Third_Party/FreeRTOS/Source/tasks.o
                0x000000000800921c                xTaskPriorityDisinherit
 .text.prvAddCurrentTaskToDelayedList
                0x00000000080092f8       0xa8 ./Middlewares/Third_Party/FreeRTOS/Source/tasks.o
 .text.xTimerCreateTimerTask
                0x00000000080093a0       0x90 ./Middlewares/Third_Party/FreeRTOS/Source/timers.o
                0x00000000080093a0                xTimerCreateTimerTask
 .text.xTimerGenericCommand
                0x0000000008009430       0x9c ./Middlewares/Third_Party/FreeRTOS/Source/timers.o
                0x0000000008009430                xTimerGenericCommand
 .text.prvProcessExpiredTimer
                0x00000000080094cc       0x98 ./Middlewares/Third_Party/FreeRTOS/Source/timers.o
 .text.prvTimerTask
                0x0000000008009564       0x24 ./Middlewares/Third_Party/FreeRTOS/Source/timers.o
 .text.prvProcessTimerOrBlockTask
                0x0000000008009588       0x9c ./Middlewares/Third_Party/FreeRTOS/Source/timers.o
 .text.prvGetNextExpireTime
                0x0000000008009624       0x48 ./Middlewares/Third_Party/FreeRTOS/Source/timers.o
 .text.prvSampleTimeNow
                0x000000000800966c       0x40 ./Middlewares/Third_Party/FreeRTOS/Source/timers.o
 .text.prvInsertTimerInActiveList
                0x00000000080096ac       0x84 ./Middlewares/Third_Party/FreeRTOS/Source/timers.o
 .text.prvProcessReceivedCommands
                0x0000000008009730      0x1c4 ./Middlewares/Third_Party/FreeRTOS/Source/timers.o
 .text.prvSwitchTimerLists
                0x00000000080098f4       0xc8 ./Middlewares/Third_Party/FreeRTOS/Source/timers.o
 .text.prvCheckForValidListAndQueue
                0x00000000080099bc       0x80 ./Middlewares/Third_Party/FreeRTOS/Source/timers.o
 .text.pxPortInitialiseStack
                0x0000000008009a3c       0x68 ./Middlewares/Third_Party/FreeRTOS/Source/portable/GCC/ARM_CM4F/port.o
                0x0000000008009a3c                pxPortInitialiseStack
 .text.prvTaskExitError
                0x0000000008009aa4       0x58 ./Middlewares/Third_Party/FreeRTOS/Source/portable/GCC/ARM_CM4F/port.o
 *fill*         0x0000000008009afc        0x4 
 .text.SVC_Handler
                0x0000000008009b00       0x28 ./Middlewares/Third_Party/FreeRTOS/Source/portable/GCC/ARM_CM4F/port.o
                0x0000000008009b00                SVC_Handler
 .text.prvPortStartFirstTask
                0x0000000008009b28       0x28 ./Middlewares/Third_Party/FreeRTOS/Source/portable/GCC/ARM_CM4F/port.o
 .text.xPortStartScheduler
                0x0000000008009b50      0x144 ./Middlewares/Third_Party/FreeRTOS/Source/portable/GCC/ARM_CM4F/port.o
                0x0000000008009b50                xPortStartScheduler
 .text.vPortEnterCritical
                0x0000000008009c94       0x60 ./Middlewares/Third_Party/FreeRTOS/Source/portable/GCC/ARM_CM4F/port.o
                0x0000000008009c94                vPortEnterCritical
 .text.vPortExitCritical
                0x0000000008009cf4       0x54 ./Middlewares/Third_Party/FreeRTOS/Source/portable/GCC/ARM_CM4F/port.o
                0x0000000008009cf4                vPortExitCritical
 *fill*         0x0000000008009d48        0x8 
 .text.PendSV_Handler
                0x0000000008009d50       0x68 ./Middlewares/Third_Party/FreeRTOS/Source/portable/GCC/ARM_CM4F/port.o
                0x0000000008009d50                PendSV_Handler
 .text.xPortSysTickHandler
                0x0000000008009db8       0x44 ./Middlewares/Third_Party/FreeRTOS/Source/portable/GCC/ARM_CM4F/port.o
                0x0000000008009db8                xPortSysTickHandler
 .text.vPortSetupTimerInterrupt
                0x0000000008009dfc       0x48 ./Middlewares/Third_Party/FreeRTOS/Source/portable/GCC/ARM_CM4F/port.o
                0x0000000008009dfc                vPortSetupTimerInterrupt
 .text.vPortEnableVFP
                0x0000000008009e44       0x14 ./Middlewares/Third_Party/FreeRTOS/Source/portable/GCC/ARM_CM4F/port.o
 .text.vPortValidateInterruptPriority
                0x0000000008009e58       0x80 ./Middlewares/Third_Party/FreeRTOS/Source/portable/GCC/ARM_CM4F/port.o
                0x0000000008009e58                vPortValidateInterruptPriority
 .text.pvPortMalloc
                0x0000000008009ed8      0x198 ./Middlewares/Third_Party/FreeRTOS/Source/portable/MemMang/heap_4.o
                0x0000000008009ed8                pvPortMalloc
 .text.vPortFree
                0x000000000800a070       0xc4 ./Middlewares/Third_Party/FreeRTOS/Source/portable/MemMang/heap_4.o
                0x000000000800a070                vPortFree
 .text.prvHeapInit
                0x000000000800a134       0xc4 ./Middlewares/Third_Party/FreeRTOS/Source/portable/MemMang/heap_4.o
 .text.prvInsertBlockIntoFreeList
                0x000000000800a1f8       0xb4 ./Middlewares/Third_Party/FreeRTOS/Source/portable/MemMang/heap_4.o
 *fill*         0x000000000800a2ac        0x4 
 .text.elec_offset_search
                0x000000000800a2b0      0x574 ./resc/src/CurrentCtrl.o
                0x000000000800a2b0                elec_offset_search
 .text.current_ctrl
                0x000000000800a824       0x1a ./resc/src/CurrentCtrl.o
                0x000000000800a824                current_ctrl
 .text.mat_times_vec2
                0x000000000800a83e       0x78 ./resc/src/rls.o
                0x000000000800a83e                mat_times_vec2
 .text.mat_times_mat2
                0x000000000800a8b6       0xde ./resc/src/rls.o
                0x000000000800a8b6                mat_times_mat2
 .text.compute_K2
                0x000000000800a994       0x92 ./resc/src/rls.o
                0x000000000800a994                compute_K2
 .text.compute_P
                0x000000000800aa26      0x114 ./resc/src/rls.o
                0x000000000800aa26                compute_P
 .text.compute_theta
                0x000000000800ab3a       0x94 ./resc/src/rls.o
                0x000000000800ab3a                compute_theta
 *fill*         0x000000000800abce        0x2 
 .text.rls_step
                0x000000000800abd0       0x88 ./resc/src/rls.o
                0x000000000800abd0                rls_step
 .text.reset_rls
                0x000000000800ac58       0x4e ./resc/src/rls.o
                0x000000000800ac58                reset_rls
 *fill*         0x000000000800aca6        0x2 
 .text.__libc_init_array
                0x000000000800aca8       0x48 c:/st/stm32cubeide_1.10.1/stm32cubeide/plugins/com.st.stm32cube.ide.mcu.externaltools.gnu-tools-for-stm32.10.3-2021.10.win32_1.0.0.202111181127/tools/bin/../lib/gcc/arm-none-eabi/10.3.1/../../../../arm-none-eabi/lib/thumb/v7e-m+fp/hard\libc_nano.a(lib_a-init.o)
                0x000000000800aca8                __libc_init_array
 .text.__retarget_lock_acquire_recursive
                0x000000000800acf0        0x2 c:/st/stm32cubeide_1.10.1/stm32cubeide/plugins/com.st.stm32cube.ide.mcu.externaltools.gnu-tools-for-stm32.10.3-2021.10.win32_1.0.0.202111181127/tools/bin/../lib/gcc/arm-none-eabi/10.3.1/../../../../arm-none-eabi/lib/thumb/v7e-m+fp/hard\libc_nano.a(lib_a-lock.o)
                0x000000000800acf0                __retarget_lock_acquire_recursive
 .text.__retarget_lock_release_recursive
                0x000000000800acf2        0x2 c:/st/stm32cubeide_1.10.1/stm32cubeide/plugins/com.st.stm32cube.ide.mcu.externaltools.gnu-tools-for-stm32.10.3-2021.10.win32_1.0.0.202111181127/tools/bin/../lib/gcc/arm-none-eabi/10.3.1/../../../../arm-none-eabi/lib/thumb/v7e-m+fp/hard\libc_nano.a(lib_a-lock.o)
                0x000000000800acf2                __retarget_lock_release_recursive
 .text.memcpy   0x000000000800acf4       0x1c c:/st/stm32cubeide_1.10.1/stm32cubeide/plugins/com.st.stm32cube.ide.mcu.externaltools.gnu-tools-for-stm32.10.3-2021.10.win32_1.0.0.202111181127/tools/bin/../lib/gcc/arm-none-eabi/10.3.1/../../../../arm-none-eabi/lib/thumb/v7e-m+fp/hard\libc_nano.a(lib_a-memcpy-stub.o)
                0x000000000800acf4                memcpy
 .text.memset   0x000000000800ad10       0x10 c:/st/stm32cubeide_1.10.1/stm32cubeide/plugins/com.st.stm32cube.ide.mcu.externaltools.gnu-tools-for-stm32.10.3-2021.10.win32_1.0.0.202111181127/tools/bin/../lib/gcc/arm-none-eabi/10.3.1/../../../../arm-none-eabi/lib/thumb/v7e-m+fp/hard\libc_nano.a(lib_a-memset.o)
                0x000000000800ad10                memset
 .text.cleanup_glue
                0x000000000800ad20       0x1a c:/st/stm32cubeide_1.10.1/stm32cubeide/plugins/com.st.stm32cube.ide.mcu.externaltools.gnu-tools-for-stm32.10.3-2021.10.win32_1.0.0.202111181127/tools/bin/../lib/gcc/arm-none-eabi/10.3.1/../../../../arm-none-eabi/lib/thumb/v7e-m+fp/hard\libc_nano.a(lib_a-reent.o)
                0x000000000800ad20                cleanup_glue
 *fill*         0x000000000800ad3a        0x2 
 .text._reclaim_reent
                0x000000000800ad3c       0xb8 c:/st/stm32cubeide_1.10.1/stm32cubeide/plugins/com.st.stm32cube.ide.mcu.externaltools.gnu-tools-for-stm32.10.3-2021.10.win32_1.0.0.202111181127/tools/bin/../lib/gcc/arm-none-eabi/10.3.1/../../../../arm-none-eabi/lib/thumb/v7e-m+fp/hard\libc_nano.a(lib_a-reent.o)
                0x000000000800ad3c                _reclaim_reent
 .text.__malloc_lock
                0x000000000800adf4        0xc c:/st/stm32cubeide_1.10.1/stm32cubeide/plugins/com.st.stm32cube.ide.mcu.externaltools.gnu-tools-for-stm32.10.3-2021.10.win32_1.0.0.202111181127/tools/bin/../lib/gcc/arm-none-eabi/10.3.1/../../../../arm-none-eabi/lib/thumb/v7e-m+fp/hard\libc_nano.a(lib_a-mlock.o)
                0x000000000800adf4                __malloc_lock
 .text.__malloc_unlock
                0x000000000800ae00        0xc c:/st/stm32cubeide_1.10.1/stm32cubeide/plugins/com.st.stm32cube.ide.mcu.externaltools.gnu-tools-for-stm32.10.3-2021.10.win32_1.0.0.202111181127/tools/bin/../lib/gcc/arm-none-eabi/10.3.1/../../../../arm-none-eabi/lib/thumb/v7e-m+fp/hard\libc_nano.a(lib_a-mlock.o)
                0x000000000800ae00                __malloc_unlock
 .text._free_r  0x000000000800ae0c       0x98 c:/st/stm32cubeide_1.10.1/stm32cubeide/plugins/com.st.stm32cube.ide.mcu.externaltools.gnu-tools-for-stm32.10.3-2021.10.win32_1.0.0.202111181127/tools/bin/../lib/gcc/arm-none-eabi/10.3.1/../../../../arm-none-eabi/lib/thumb/v7e-m+fp/hard\libc_nano.a(lib_a-nano-freer.o)
                0x000000000800ae0c                _free_r
 .text.round    0x000000000800aea4       0x8c c:/st/stm32cubeide_1.10.1/stm32cubeide/plugins/com.st.stm32cube.ide.mcu.externaltools.gnu-tools-for-stm32.10.3-2021.10.win32_1.0.0.202111181127/tools/bin/../lib/gcc/arm-none-eabi/10.3.1/../../../../arm-none-eabi/lib/thumb/v7e-m+fp/hard\libm.a(lib_a-s_round.o)
                0x000000000800aea4                round
 .text.sinf     0x000000000800af30       0x8c c:/st/stm32cubeide_1.10.1/stm32cubeide/plugins/com.st.stm32cube.ide.mcu.externaltools.gnu-tools-for-stm32.10.3-2021.10.win32_1.0.0.202111181127/tools/bin/../lib/gcc/arm-none-eabi/10.3.1/../../../../arm-none-eabi/lib/thumb/v7e-m+fp/hard\libm.a(lib_a-sf_sin.o)
                0x000000000800af30                sinf
 .text.__ieee754_rem_pio2f
                0x000000000800afbc      0x278 c:/st/stm32cubeide_1.10.1/stm32cubeide/plugins/com.st.stm32cube.ide.mcu.externaltools.gnu-tools-for-stm32.10.3-2021.10.win32_1.0.0.202111181127/tools/bin/../lib/gcc/arm-none-eabi/10.3.1/../../../../arm-none-eabi/lib/thumb/v7e-m+fp/hard\libm.a(lib_a-ef_rem_pio2.o)
                0x000000000800afbc                __ieee754_rem_pio2f
 .text.__kernel_cosf
                0x000000000800b234       0xc0 c:/st/stm32cubeide_1.10.1/stm32cubeide/plugins/com.st.stm32cube.ide.mcu.externaltools.gnu-tools-for-stm32.10.3-2021.10.win32_1.0.0.202111181127/tools/bin/../lib/gcc/arm-none-eabi/10.3.1/../../../../arm-none-eabi/lib/thumb/v7e-m+fp/hard\libm.a(lib_a-kf_cos.o)
                0x000000000800b234                __kernel_cosf
 .text.__kernel_rem_pio2f
                0x000000000800b2f4      0x4ec c:/st/stm32cubeide_1.10.1/stm32cubeide/plugins/com.st.stm32cube.ide.mcu.externaltools.gnu-tools-for-stm32.10.3-2021.10.win32_1.0.0.202111181127/tools/bin/../lib/gcc/arm-none-eabi/10.3.1/../../../../arm-none-eabi/lib/thumb/v7e-m+fp/hard\libm.a(lib_a-kf_rem_pio2.o)
                0x000000000800b2f4                __kernel_rem_pio2f
 .text.__kernel_sinf
                0x000000000800b7e0       0x90 c:/st/stm32cubeide_1.10.1/stm32cubeide/plugins/com.st.stm32cube.ide.mcu.externaltools.gnu-tools-for-stm32.10.3-2021.10.win32_1.0.0.202111181127/tools/bin/../lib/gcc/arm-none-eabi/10.3.1/../../../../arm-none-eabi/lib/thumb/v7e-m+fp/hard\libm.a(lib_a-kf_sin.o)
                0x000000000800b7e0                __kernel_sinf
 .text.fabsf    0x000000000800b870        0xe c:/st/stm32cubeide_1.10.1/stm32cubeide/plugins/com.st.stm32cube.ide.mcu.externaltools.gnu-tools-for-stm32.10.3-2021.10.win32_1.0.0.202111181127/tools/bin/../lib/gcc/arm-none-eabi/10.3.1/../../../../arm-none-eabi/lib/thumb/v7e-m+fp/hard\libm.a(lib_a-sf_fabs.o)
                0x000000000800b870                fabsf
 *fill*         0x000000000800b87e        0x2 
 .text.floorf   0x000000000800b880       0x84 c:/st/stm32cubeide_1.10.1/stm32cubeide/plugins/com.st.stm32cube.ide.mcu.externaltools.gnu-tools-for-stm32.10.3-2021.10.win32_1.0.0.202111181127/tools/bin/../lib/gcc/arm-none-eabi/10.3.1/../../../../arm-none-eabi/lib/thumb/v7e-m+fp/hard\libm.a(lib_a-sf_floor.o)
                0x000000000800b880                floorf
 .text.scalbnf  0x000000000800b904       0xe4 c:/st/stm32cubeide_1.10.1/stm32cubeide/plugins/com.st.stm32cube.ide.mcu.externaltools.gnu-tools-for-stm32.10.3-2021.10.win32_1.0.0.202111181127/tools/bin/../lib/gcc/arm-none-eabi/10.3.1/../../../../arm-none-eabi/lib/thumb/v7e-m+fp/hard\libm.a(lib_a-sf_scalbn.o)
                0x000000000800b904                scalbnf
 *(.glue_7)
 .glue_7        0x000000000800b9e8        0x0 linker stubs
 *(.glue_7t)
 .glue_7t       0x000000000800b9e8        0x0 linker stubs
 *(.eh_frame)
 .eh_frame      0x000000000800b9e8        0x0 c:/st/stm32cubeide_1.10.1/stm32cubeide/plugins/com.st.stm32cube.ide.mcu.externaltools.gnu-tools-for-stm32.10.3-2021.10.win32_1.0.0.202111181127/tools/bin/../lib/gcc/arm-none-eabi/10.3.1/thumb/v7e-m+fp/hard/crtbegin.o
 *(.init)
 .init          0x000000000800b9e8        0x4 c:/st/stm32cubeide_1.10.1/stm32cubeide/plugins/com.st.stm32cube.ide.mcu.externaltools.gnu-tools-for-stm32.10.3-2021.10.win32_1.0.0.202111181127/tools/bin/../lib/gcc/arm-none-eabi/10.3.1/thumb/v7e-m+fp/hard/crti.o
                0x000000000800b9e8                _init
 .init          0x000000000800b9ec        0x8 c:/st/stm32cubeide_1.10.1/stm32cubeide/plugins/com.st.stm32cube.ide.mcu.externaltools.gnu-tools-for-stm32.10.3-2021.10.win32_1.0.0.202111181127/tools/bin/../lib/gcc/arm-none-eabi/10.3.1/thumb/v7e-m+fp/hard/crtn.o
 *(.fini)
 .fini          0x000000000800b9f4        0x4 c:/st/stm32cubeide_1.10.1/stm32cubeide/plugins/com.st.stm32cube.ide.mcu.externaltools.gnu-tools-for-stm32.10.3-2021.10.win32_1.0.0.202111181127/tools/bin/../lib/gcc/arm-none-eabi/10.3.1/thumb/v7e-m+fp/hard/crti.o
                0x000000000800b9f4                _fini
 .fini          0x000000000800b9f8        0x8 c:/st/stm32cubeide_1.10.1/stm32cubeide/plugins/com.st.stm32cube.ide.mcu.externaltools.gnu-tools-for-stm32.10.3-2021.10.win32_1.0.0.202111181127/tools/bin/../lib/gcc/arm-none-eabi/10.3.1/thumb/v7e-m+fp/hard/crtn.o
                0x000000000800ba00                . = ALIGN (0x4)
                0x000000000800ba00                _etext = .

.vfp11_veneer   0x000000000800ba00        0x0
 .vfp11_veneer  0x000000000800ba00        0x0 linker stubs

.v4_bx          0x000000000800ba00        0x0
 .v4_bx         0x000000000800ba00        0x0 linker stubs

.iplt           0x000000000800ba00        0x0
 .iplt          0x000000000800ba00        0x0 c:/st/stm32cubeide_1.10.1/stm32cubeide/plugins/com.st.stm32cube.ide.mcu.externaltools.gnu-tools-for-stm32.10.3-2021.10.win32_1.0.0.202111181127/tools/bin/../lib/gcc/arm-none-eabi/10.3.1/thumb/v7e-m+fp/hard/crtbegin.o

.rodata         0x000000000800ba00      0x4fc
                0x000000000800ba00                . = ALIGN (0x4)
 *(.rodata)
 .rodata        0x000000000800ba00        0x5 ./Core/Src/logger.o
 *fill*         0x000000000800ba05        0x3 
 .rodata        0x000000000800ba08       0x27 ./Core/Src/main.o
 *fill*         0x000000000800ba2f        0x1 
 .rodata        0x000000000800ba30        0x5 ./Middlewares/Third_Party/FreeRTOS/Source/tasks.o
 *fill*         0x000000000800ba35        0x3 
 .rodata        0x000000000800ba38        0xd ./Middlewares/Third_Party/FreeRTOS/Source/timers.o
 *(.rodata*)
 *fill*         0x000000000800ba45        0x3 
 .rodata.defaultTask_attributes
                0x000000000800ba48       0x24 ./Core/Src/main.o
                0x000000000800ba48                defaultTask_attributes
 .rodata.logging_task_attributes
                0x000000000800ba6c       0x24 ./Core/Src/main.o
                0x000000000800ba6c                logging_task_attributes
 .rodata.servo_task_attributes
                0x000000000800ba90       0x24 ./Core/Src/main.o
                0x000000000800ba90                servo_task_attributes
 .rodata.AHBPrescTable
                0x000000000800bab4       0x10 ./Core/Src/system_stm32f4xx.o
                0x000000000800bab4                AHBPrescTable
 .rodata.APBPrescTable
                0x000000000800bac4        0x8 ./Core/Src/system_stm32f4xx.o
                0x000000000800bac4                APBPrescTable
 .rodata.__sf_fake_stderr
                0x000000000800bacc       0x20 c:/st/stm32cubeide_1.10.1/stm32cubeide/plugins/com.st.stm32cube.ide.mcu.externaltools.gnu-tools-for-stm32.10.3-2021.10.win32_1.0.0.202111181127/tools/bin/../lib/gcc/arm-none-eabi/10.3.1/../../../../arm-none-eabi/lib/thumb/v7e-m+fp/hard\libc_nano.a(lib_a-findfp.o)
                0x000000000800bacc                __sf_fake_stderr
 .rodata.__sf_fake_stdin
                0x000000000800baec       0x20 c:/st/stm32cubeide_1.10.1/stm32cubeide/plugins/com.st.stm32cube.ide.mcu.externaltools.gnu-tools-for-stm32.10.3-2021.10.win32_1.0.0.202111181127/tools/bin/../lib/gcc/arm-none-eabi/10.3.1/../../../../arm-none-eabi/lib/thumb/v7e-m+fp/hard\libc_nano.a(lib_a-findfp.o)
                0x000000000800baec                __sf_fake_stdin
 .rodata.__sf_fake_stdout
                0x000000000800bb0c       0x20 c:/st/stm32cubeide_1.10.1/stm32cubeide/plugins/com.st.stm32cube.ide.mcu.externaltools.gnu-tools-for-stm32.10.3-2021.10.win32_1.0.0.202111181127/tools/bin/../lib/gcc/arm-none-eabi/10.3.1/../../../../arm-none-eabi/lib/thumb/v7e-m+fp/hard\libc_nano.a(lib_a-findfp.o)
                0x000000000800bb0c                __sf_fake_stdout
 .rodata.npio2_hw
                0x000000000800bb2c       0x80 c:/st/stm32cubeide_1.10.1/stm32cubeide/plugins/com.st.stm32cube.ide.mcu.externaltools.gnu-tools-for-stm32.10.3-2021.10.win32_1.0.0.202111181127/tools/bin/../lib/gcc/arm-none-eabi/10.3.1/../../../../arm-none-eabi/lib/thumb/v7e-m+fp/hard\libm.a(lib_a-ef_rem_pio2.o)
 .rodata.two_over_pi
                0x000000000800bbac      0x318 c:/st/stm32cubeide_1.10.1/stm32cubeide/plugins/com.st.stm32cube.ide.mcu.externaltools.gnu-tools-for-stm32.10.3-2021.10.win32_1.0.0.202111181127/tools/bin/../lib/gcc/arm-none-eabi/10.3.1/../../../../arm-none-eabi/lib/thumb/v7e-m+fp/hard\libm.a(lib_a-ef_rem_pio2.o)
 .rodata.PIo2   0x000000000800bec4       0x2c c:/st/stm32cubeide_1.10.1/stm32cubeide/plugins/com.st.stm32cube.ide.mcu.externaltools.gnu-tools-for-stm32.10.3-2021.10.win32_1.0.0.202111181127/tools/bin/../lib/gcc/arm-none-eabi/10.3.1/../../../../arm-none-eabi/lib/thumb/v7e-m+fp/hard\libm.a(lib_a-kf_rem_pio2.o)
 .rodata.init_jk
                0x000000000800bef0        0xc c:/st/stm32cubeide_1.10.1/stm32cubeide/plugins/com.st.stm32cube.ide.mcu.externaltools.gnu-tools-for-stm32.10.3-2021.10.win32_1.0.0.202111181127/tools/bin/../lib/gcc/arm-none-eabi/10.3.1/../../../../arm-none-eabi/lib/thumb/v7e-m+fp/hard\libm.a(lib_a-kf_rem_pio2.o)
                0x000000000800befc                . = ALIGN (0x4)

.ARM.extab      0x000000000800befc        0x0
                0x000000000800befc                . = ALIGN (0x4)
 *(.ARM.extab* .gnu.linkonce.armextab.*)
                0x000000000800befc                . = ALIGN (0x4)

.ARM            0x000000000800befc        0x8
                0x000000000800befc                . = ALIGN (0x4)
                0x000000000800befc                __exidx_start = .
 *(.ARM.exidx*)
 .ARM.exidx     0x000000000800befc        0x8 c:/st/stm32cubeide_1.10.1/stm32cubeide/plugins/com.st.stm32cube.ide.mcu.externaltools.gnu-tools-for-stm32.10.3-2021.10.win32_1.0.0.202111181127/tools/bin/../lib/gcc/arm-none-eabi/10.3.1/thumb/v7e-m+fp/hard\libgcc.a(_udivmoddi4.o)
                0x000000000800bf04                __exidx_end = .
                0x000000000800bf04                . = ALIGN (0x4)

.rel.dyn        0x000000000800bf04        0x0
 .rel.iplt      0x000000000800bf04        0x0 c:/st/stm32cubeide_1.10.1/stm32cubeide/plugins/com.st.stm32cube.ide.mcu.externaltools.gnu-tools-for-stm32.10.3-2021.10.win32_1.0.0.202111181127/tools/bin/../lib/gcc/arm-none-eabi/10.3.1/thumb/v7e-m+fp/hard/crtbegin.o

.preinit_array  0x000000000800bf04        0x0
                0x000000000800bf04                . = ALIGN (0x4)
                0x000000000800bf04                PROVIDE (__preinit_array_start = .)
 *(.preinit_array*)
                0x000000000800bf04                PROVIDE (__preinit_array_end = .)
                0x000000000800bf04                . = ALIGN (0x4)

.init_array     0x000000000800bf04        0x4
                0x000000000800bf04                . = ALIGN (0x4)
                0x000000000800bf04                PROVIDE (__init_array_start = .)
 *(SORT_BY_NAME(.init_array.*))
 *(.init_array*)
 .init_array    0x000000000800bf04        0x4 c:/st/stm32cubeide_1.10.1/stm32cubeide/plugins/com.st.stm32cube.ide.mcu.externaltools.gnu-tools-for-stm32.10.3-2021.10.win32_1.0.0.202111181127/tools/bin/../lib/gcc/arm-none-eabi/10.3.1/thumb/v7e-m+fp/hard/crtbegin.o
                0x000000000800bf08                PROVIDE (__init_array_end = .)
                0x000000000800bf08                . = ALIGN (0x4)

.fini_array     0x000000000800bf08        0x4
                0x000000000800bf08                . = ALIGN (0x4)
                [!provide]                        PROVIDE (__fini_array_start = .)
 *(SORT_BY_NAME(.fini_array.*))
 *(.fini_array*)
 .fini_array    0x000000000800bf08        0x4 c:/st/stm32cubeide_1.10.1/stm32cubeide/plugins/com.st.stm32cube.ide.mcu.externaltools.gnu-tools-for-stm32.10.3-2021.10.win32_1.0.0.202111181127/tools/bin/../lib/gcc/arm-none-eabi/10.3.1/thumb/v7e-m+fp/hard/crtbegin.o
                [!provide]                        PROVIDE (__fini_array_end = .)
                0x000000000800bf0c                . = ALIGN (0x4)
                0x000000000800bf0c                _sidata = LOADADDR (.data)

.data           0x0000000020000000       0x78 load address 0x000000000800bf0c
                0x0000000020000000                . = ALIGN (0x4)
                0x0000000020000000                _sdata = .
 *(.data)
 *(.data*)
 .data.waiting_for_host
                0x0000000020000000        0x1 ./Core/Src/logger.o
                0x0000000020000000                waiting_for_host
 .data.waiting_to_send
                0x0000000020000001        0x1 ./Core/Src/logger.o
                0x0000000020000001                waiting_to_send
 *fill*         0x0000000020000002        0x2 
 .data.SystemCoreClock
                0x0000000020000004        0x4 ./Core/Src/system_stm32f4xx.o
                0x0000000020000004                SystemCoreClock
 .data.uwTickPrio
                0x0000000020000008        0x4 ./Drivers/STM32F4xx_HAL_Driver/Src/stm32f4xx_hal.o
                0x0000000020000008                uwTickPrio
 .data.uwTickFreq
                0x000000002000000c        0x1 ./Drivers/STM32F4xx_HAL_Driver/Src/stm32f4xx_hal.o
                0x000000002000000c                uwTickFreq
 *fill*         0x000000002000000d        0x3 
 .data.uxCriticalNesting
                0x0000000020000010        0x4 ./Middlewares/Third_Party/FreeRTOS/Source/portable/GCC/ARM_CM4F/port.o
 .data._impure_ptr
                0x0000000020000014        0x4 c:/st/stm32cubeide_1.10.1/stm32cubeide/plugins/com.st.stm32cube.ide.mcu.externaltools.gnu-tools-for-stm32.10.3-2021.10.win32_1.0.0.202111181127/tools/bin/../lib/gcc/arm-none-eabi/10.3.1/../../../../arm-none-eabi/lib/thumb/v7e-m+fp/hard\libc_nano.a(lib_a-impure.o)
                0x0000000020000014                _impure_ptr
 .data.impure_data
                0x0000000020000018       0x60 c:/st/stm32cubeide_1.10.1/stm32cubeide/plugins/com.st.stm32cube.ide.mcu.externaltools.gnu-tools-for-stm32.10.3-2021.10.win32_1.0.0.202111181127/tools/bin/../lib/gcc/arm-none-eabi/10.3.1/../../../../arm-none-eabi/lib/thumb/v7e-m+fp/hard\libc_nano.a(lib_a-impure.o)
 *(.RamFunc)
 *(.RamFunc*)
                0x0000000020000078                . = ALIGN (0x4)
                0x0000000020000078                _edata = .

.igot.plt       0x0000000020000078        0x0 load address 0x000000000800bf84
 .igot.plt      0x0000000020000078        0x0 c:/st/stm32cubeide_1.10.1/stm32cubeide/plugins/com.st.stm32cube.ide.mcu.externaltools.gnu-tools-for-stm32.10.3-2021.10.win32_1.0.0.202111181127/tools/bin/../lib/gcc/arm-none-eabi/10.3.1/thumb/v7e-m+fp/hard/crtbegin.o
                0x0000000020000078                . = ALIGN (0x4)

.bss            0x0000000020000078     0xb1e8 load address 0x000000000800bf84
                0x0000000020000078                _sbss = .
                0x0000000020000078                __bss_start__ = _sbss
 *(.bss)
 .bss           0x0000000020000078       0x1c c:/st/stm32cubeide_1.10.1/stm32cubeide/plugins/com.st.stm32cube.ide.mcu.externaltools.gnu-tools-for-stm32.10.3-2021.10.win32_1.0.0.202111181127/tools/bin/../lib/gcc/arm-none-eabi/10.3.1/thumb/v7e-m+fp/hard/crtbegin.o
 *(.bss*)
 .bss.i2c       0x0000000020000094        0x4 ./Core/Src/AS5601.o
                0x0000000020000094                i2c
 .bss.encoder   0x0000000020000098        0x8 ./Core/Src/encoder.o
                0x0000000020000098                encoder
 .bss.old_angle
                0x00000000200000a0        0x4 ./Core/Src/encoder.o
                0x00000000200000a0                old_angle
 .bss.status    0x00000000200000a4        0x6 ./Core/Src/encoder.o
                0x00000000200000a4                status
 *fill*         0x00000000200000aa        0x2 
 .bss.conf      0x00000000200000ac        0xc ./Core/Src/encoder.o
                0x00000000200000ac                conf
 .bss.uart      0x00000000200000b8        0x4 ./Core/Src/logger.o
                0x00000000200000b8                uart
 .bss.current_sample
                0x00000000200000bc       0x40 ./Core/Src/logger.o
                0x00000000200000bc                current_sample
 .bss.log_buffer0
                0x00000000200000fc     0x3200 ./Core/Src/logger.o
                0x00000000200000fc                log_buffer0
 .bss.log_buffer1
                0x00000000200032fc     0x3200 ./Core/Src/logger.o
                0x00000000200032fc                log_buffer1
 .bss.active_buffer
                0x00000000200064fc        0x4 ./Core/Src/logger.o
                0x00000000200064fc                active_buffer
 .bss.buffer_index
                0x0000000020006500        0x4 ./Core/Src/logger.o
                0x0000000020006500                buffer_index
 .bss.log_index
                0x0000000020006504        0x4 ./Core/Src/logger.o
                0x0000000020006504                log_index
 .bss.logging_started
                0x0000000020006508        0x1 ./Core/Src/logger.o
                0x0000000020006508                logging_started
 *fill*         0x0000000020006509        0x3 
 .bss.hadc1     0x000000002000650c       0x48 ./Core/Src/main.o
                0x000000002000650c                hadc1
 .bss.hadc2     0x0000000020006554       0x48 ./Core/Src/main.o
                0x0000000020006554                hadc2
 .bss.hadc3     0x000000002000659c       0x48 ./Core/Src/main.o
                0x000000002000659c                hadc3
 .bss.hi2c1     0x00000000200065e4       0x54 ./Core/Src/main.o
                0x00000000200065e4                hi2c1
 .bss.htim2     0x0000000020006638       0x48 ./Core/Src/main.o
                0x0000000020006638                htim2
 .bss.htim3     0x0000000020006680       0x48 ./Core/Src/main.o
                0x0000000020006680                htim3
 .bss.htim5     0x00000000200066c8       0x48 ./Core/Src/main.o
                0x00000000200066c8                htim5
 .bss.huart2    0x0000000020006710       0x44 ./Core/Src/main.o
                0x0000000020006710                huart2
 .bss.defaultTaskHandle
                0x0000000020006754        0x4 ./Core/Src/main.o
                0x0000000020006754                defaultTaskHandle
 .bss.logging_taskHandle
                0x0000000020006758        0x4 ./Core/Src/main.o
                0x0000000020006758                logging_taskHandle
 .bss.servo_taskHandle
                0x000000002000675c        0x4 ./Core/Src/main.o
                0x000000002000675c                servo_taskHandle
 .bss.adc_U_phase
                0x0000000020006760        0x2 ./Core/Src/motor.o
                0x0000000020006760                adc_U_phase
 .bss.adc_V_phase
                0x0000000020006762        0x2 ./Core/Src/motor.o
                0x0000000020006762                adc_V_phase
 .bss.adc_W_phase
                0x0000000020006764        0x2 ./Core/Src/motor.o
                0x0000000020006764                adc_W_phase
 *fill*         0x0000000020006766        0x2 
 .bss.mtr_voltages
                0x0000000020006768        0xc ./Core/Src/motor.o
                0x0000000020006768                mtr_voltages
 .bss.mtr_currents
                0x0000000020006774        0xc ./Core/Src/motor.o
                0x0000000020006774                mtr_currents
 .bss.elec_search_state2
                0x0000000020006780        0x4 ./Core/Src/motor.o
                0x0000000020006780                elec_search_state2
 .bss.cc_in     0x0000000020006784       0x20 ./Core/Src/motor.o
                0x0000000020006784                cc_in
 .bss.cc_out    0x00000000200067a4       0x1c ./Core/Src/motor.o
                0x00000000200067a4                cc_out
 .bss.htim1     0x00000000200067c0       0x48 ./Core/Src/stm32f4xx_hal_timebase_tim.o
                0x00000000200067c0                htim1
 .bss.uwTick    0x0000000020006808        0x4 ./Drivers/STM32F4xx_HAL_Driver/Src/stm32f4xx_hal.o
                0x0000000020006808                uwTick
 .bss.KernelState
                0x000000002000680c        0x4 ./Middlewares/Third_Party/FreeRTOS/Source/CMSIS_RTOS_V2/cmsis_os2.o
 .bss.Idle_TCB.3
                0x0000000020006810       0xbc ./Middlewares/Third_Party/FreeRTOS/Source/CMSIS_RTOS_V2/cmsis_os2.o
 .bss.Idle_Stack.2
                0x00000000200068cc      0x200 ./Middlewares/Third_Party/FreeRTOS/Source/CMSIS_RTOS_V2/cmsis_os2.o
 .bss.Timer_TCB.1
                0x0000000020006acc       0xbc ./Middlewares/Third_Party/FreeRTOS/Source/CMSIS_RTOS_V2/cmsis_os2.o
 .bss.Timer_Stack.0
                0x0000000020006b88      0x400 ./Middlewares/Third_Party/FreeRTOS/Source/CMSIS_RTOS_V2/cmsis_os2.o
 .bss.xQueueRegistry
                0x0000000020006f88       0x40 ./Middlewares/Third_Party/FreeRTOS/Source/queue.o
                0x0000000020006f88                xQueueRegistry
 .bss.pxCurrentTCB
                0x0000000020006fc8        0x4 ./Middlewares/Third_Party/FreeRTOS/Source/tasks.o
                0x0000000020006fc8                pxCurrentTCB
 .bss.pxReadyTasksLists
                0x0000000020006fcc      0x460 ./Middlewares/Third_Party/FreeRTOS/Source/tasks.o
 .bss.xDelayedTaskList1
                0x000000002000742c       0x14 ./Middlewares/Third_Party/FreeRTOS/Source/tasks.o
 .bss.xDelayedTaskList2
                0x0000000020007440       0x14 ./Middlewares/Third_Party/FreeRTOS/Source/tasks.o
 .bss.pxDelayedTaskList
                0x0000000020007454        0x4 ./Middlewares/Third_Party/FreeRTOS/Source/tasks.o
 .bss.pxOverflowDelayedTaskList
                0x0000000020007458        0x4 ./Middlewares/Third_Party/FreeRTOS/Source/tasks.o
 .bss.xPendingReadyList
                0x000000002000745c       0x14 ./Middlewares/Third_Party/FreeRTOS/Source/tasks.o
 .bss.xTasksWaitingTermination
                0x0000000020007470       0x14 ./Middlewares/Third_Party/FreeRTOS/Source/tasks.o
 .bss.uxDeletedTasksWaitingCleanUp
                0x0000000020007484        0x4 ./Middlewares/Third_Party/FreeRTOS/Source/tasks.o
 .bss.xSuspendedTaskList
                0x0000000020007488       0x14 ./Middlewares/Third_Party/FreeRTOS/Source/tasks.o
 .bss.uxCurrentNumberOfTasks
                0x000000002000749c        0x4 ./Middlewares/Third_Party/FreeRTOS/Source/tasks.o
 .bss.xTickCount
                0x00000000200074a0        0x4 ./Middlewares/Third_Party/FreeRTOS/Source/tasks.o
 .bss.uxTopReadyPriority
                0x00000000200074a4        0x4 ./Middlewares/Third_Party/FreeRTOS/Source/tasks.o
 .bss.xSchedulerRunning
                0x00000000200074a8        0x4 ./Middlewares/Third_Party/FreeRTOS/Source/tasks.o
 .bss.xPendedTicks
                0x00000000200074ac        0x4 ./Middlewares/Third_Party/FreeRTOS/Source/tasks.o
 .bss.xYieldPending
                0x00000000200074b0        0x4 ./Middlewares/Third_Party/FreeRTOS/Source/tasks.o
 .bss.xNumOfOverflows
                0x00000000200074b4        0x4 ./Middlewares/Third_Party/FreeRTOS/Source/tasks.o
 .bss.uxTaskNumber
                0x00000000200074b8        0x4 ./Middlewares/Third_Party/FreeRTOS/Source/tasks.o
 .bss.xNextTaskUnblockTime
                0x00000000200074bc        0x4 ./Middlewares/Third_Party/FreeRTOS/Source/tasks.o
 .bss.xIdleTaskHandle
                0x00000000200074c0        0x4 ./Middlewares/Third_Party/FreeRTOS/Source/tasks.o
 .bss.uxSchedulerSuspended
                0x00000000200074c4        0x4 ./Middlewares/Third_Party/FreeRTOS/Source/tasks.o
 .bss.xActiveTimerList1
                0x00000000200074c8       0x14 ./Middlewares/Third_Party/FreeRTOS/Source/timers.o
 .bss.xActiveTimerList2
                0x00000000200074dc       0x14 ./Middlewares/Third_Party/FreeRTOS/Source/timers.o
 .bss.pxCurrentTimerList
                0x00000000200074f0        0x4 ./Middlewares/Third_Party/FreeRTOS/Source/timers.o
 .bss.pxOverflowTimerList
                0x00000000200074f4        0x4 ./Middlewares/Third_Party/FreeRTOS/Source/timers.o
 .bss.xTimerQueue
                0x00000000200074f8        0x4 ./Middlewares/Third_Party/FreeRTOS/Source/timers.o
 .bss.xTimerTaskHandle
                0x00000000200074fc        0x4 ./Middlewares/Third_Party/FreeRTOS/Source/timers.o
 .bss.xLastTime.2
                0x0000000020007500        0x4 ./Middlewares/Third_Party/FreeRTOS/Source/timers.o
 .bss.ucStaticTimerQueueStorage.1
                0x0000000020007504       0xa0 ./Middlewares/Third_Party/FreeRTOS/Source/timers.o
 .bss.xStaticTimerQueue.0
                0x00000000200075a4       0x50 ./Middlewares/Third_Party/FreeRTOS/Source/timers.o
 .bss.ucMaxSysCallPriority
                0x00000000200075f4        0x1 ./Middlewares/Third_Party/FreeRTOS/Source/portable/GCC/ARM_CM4F/port.o
 *fill*         0x00000000200075f5        0x3 
 .bss.ulMaxPRIGROUPValue
                0x00000000200075f8        0x4 ./Middlewares/Third_Party/FreeRTOS/Source/portable/GCC/ARM_CM4F/port.o
 .bss.ucHeap    0x00000000200075fc     0x3c00 ./Middlewares/Third_Party/FreeRTOS/Source/portable/MemMang/heap_4.o
 .bss.xStart    0x000000002000b1fc        0x8 ./Middlewares/Third_Party/FreeRTOS/Source/portable/MemMang/heap_4.o
 .bss.pxEnd     0x000000002000b204        0x4 ./Middlewares/Third_Party/FreeRTOS/Source/portable/MemMang/heap_4.o
 .bss.xFreeBytesRemaining
                0x000000002000b208        0x4 ./Middlewares/Third_Party/FreeRTOS/Source/portable/MemMang/heap_4.o
 .bss.xMinimumEverFreeBytesRemaining
                0x000000002000b20c        0x4 ./Middlewares/Third_Party/FreeRTOS/Source/portable/MemMang/heap_4.o
 .bss.xNumberOfSuccessfulAllocations
                0x000000002000b210        0x4 ./Middlewares/Third_Party/FreeRTOS/Source/portable/MemMang/heap_4.o
 .bss.xNumberOfSuccessfulFrees
                0x000000002000b214        0x4 ./Middlewares/Third_Party/FreeRTOS/Source/portable/MemMang/heap_4.o
 .bss.xBlockAllocatedBit
                0x000000002000b218        0x4 ./Middlewares/Third_Party/FreeRTOS/Source/portable/MemMang/heap_4.o
 .bss.elec_search_status
                0x000000002000b21c        0x4 ./resc/src/CurrentCtrl.o
                0x000000002000b21c                elec_search_status
 .bss.elec_theta
                0x000000002000b220        0x4 ./resc/src/CurrentCtrl.o
                0x000000002000b220                elec_theta
 .bss.tick      0x000000002000b224        0x4 ./resc/src/CurrentCtrl.o
                0x000000002000b224                tick
 .bss.theta_pos
                0x000000002000b228        0x8 ./resc/src/CurrentCtrl.o
                0x000000002000b228                theta_pos
 .bss.P_pos     0x000000002000b230       0x10 ./resc/src/CurrentCtrl.o
                0x000000002000b230                P_pos
 .bss.theta_min
                0x000000002000b240        0x8 ./resc/src/CurrentCtrl.o
                0x000000002000b240                theta_min
 .bss.P_min     0x000000002000b248       0x10 ./resc/src/CurrentCtrl.o
                0x000000002000b248                P_min
 .bss.__lock___malloc_recursive_mutex
                0x000000002000b258        0x1 c:/st/stm32cubeide_1.10.1/stm32cubeide/plugins/com.st.stm32cube.ide.mcu.externaltools.gnu-tools-for-stm32.10.3-2021.10.win32_1.0.0.202111181127/tools/bin/../lib/gcc/arm-none-eabi/10.3.1/../../../../arm-none-eabi/lib/thumb/v7e-m+fp/hard\libc_nano.a(lib_a-lock.o)
                0x000000002000b258                __lock___malloc_recursive_mutex
 *fill*         0x000000002000b259        0x3 
 .bss.__malloc_free_list
                0x000000002000b25c        0x4 c:/st/stm32cubeide_1.10.1/stm32cubeide/plugins/com.st.stm32cube.ide.mcu.externaltools.gnu-tools-for-stm32.10.3-2021.10.win32_1.0.0.202111181127/tools/bin/../lib/gcc/arm-none-eabi/10.3.1/../../../../arm-none-eabi/lib/thumb/v7e-m+fp/hard\libc_nano.a(lib_a-nano-mallocr.o)
                0x000000002000b25c                __malloc_free_list
 *(COMMON)
                0x000000002000b260                . = ALIGN (0x4)
                0x000000002000b260                _ebss = .
                0x000000002000b260                __bss_end__ = _ebss

._user_heap_stack
                0x000000002000b260      0x600 load address 0x000000000800bf84
                0x000000002000b260                . = ALIGN (0x8)
                [!provide]                        PROVIDE (end = .)
                0x000000002000b260                PROVIDE (_end = .)
                0x000000002000b460                . = (. + _Min_Heap_Size)
 *fill*         0x000000002000b260      0x200 
                0x000000002000b860                . = (. + _Min_Stack_Size)
 *fill*         0x000000002000b460      0x400 
                0x000000002000b860                . = ALIGN (0x8)

/DISCARD/
 libc.a(*)
 libm.a(*)
 libgcc.a(*)

.ARM.attributes
                0x0000000000000000       0x30
 *(.ARM.attributes)
 .ARM.attributes
                0x0000000000000000       0x1e c:/st/stm32cubeide_1.10.1/stm32cubeide/plugins/com.st.stm32cube.ide.mcu.externaltools.gnu-tools-for-stm32.10.3-2021.10.win32_1.0.0.202111181127/tools/bin/../lib/gcc/arm-none-eabi/10.3.1/thumb/v7e-m+fp/hard/crti.o
 .ARM.attributes
                0x000000000000001e       0x34 c:/st/stm32cubeide_1.10.1/stm32cubeide/plugins/com.st.stm32cube.ide.mcu.externaltools.gnu-tools-for-stm32.10.3-2021.10.win32_1.0.0.202111181127/tools/bin/../lib/gcc/arm-none-eabi/10.3.1/thumb/v7e-m+fp/hard/crtbegin.o
 .ARM.attributes
                0x0000000000000052       0x34 ./Core/Src/AS5601.o
 .ARM.attributes
                0x0000000000000086       0x34 ./Core/Src/encoder.o
 .ARM.attributes
                0x00000000000000ba       0x34 ./Core/Src/logger.o
 .ARM.attributes
                0x00000000000000ee       0x34 ./Core/Src/main.o
 .ARM.attributes
                0x0000000000000122       0x34 ./Core/Src/motor.o
 .ARM.attributes
                0x0000000000000156       0x34 ./Core/Src/stm32f4xx_hal_msp.o
 .ARM.attributes
                0x000000000000018a       0x34 ./Core/Src/stm32f4xx_hal_timebase_tim.o
 .ARM.attributes
                0x00000000000001be       0x34 ./Core/Src/stm32f4xx_it.o
 .ARM.attributes
                0x00000000000001f2       0x34 ./Core/Src/system_stm32f4xx.o
 .ARM.attributes
                0x0000000000000226       0x21 ./Core/Startup/startup_stm32f446retx.o
 .ARM.attributes
                0x0000000000000247       0x34 ./Drivers/STM32F4xx_HAL_Driver/Src/stm32f4xx_hal.o
 .ARM.attributes
                0x000000000000027b       0x34 ./Drivers/STM32F4xx_HAL_Driver/Src/stm32f4xx_hal_adc.o
 .ARM.attributes
                0x00000000000002af       0x34 ./Drivers/STM32F4xx_HAL_Driver/Src/stm32f4xx_hal_adc_ex.o
 .ARM.attributes
                0x00000000000002e3       0x34 ./Drivers/STM32F4xx_HAL_Driver/Src/stm32f4xx_hal_cortex.o
 .ARM.attributes
                0x0000000000000317       0x34 ./Drivers/STM32F4xx_HAL_Driver/Src/stm32f4xx_hal_dma.o
 .ARM.attributes
                0x000000000000034b       0x34 ./Drivers/STM32F4xx_HAL_Driver/Src/stm32f4xx_hal_gpio.o
 .ARM.attributes
                0x000000000000037f       0x34 ./Drivers/STM32F4xx_HAL_Driver/Src/stm32f4xx_hal_i2c.o
 .ARM.attributes
                0x00000000000003b3       0x34 ./Drivers/STM32F4xx_HAL_Driver/Src/stm32f4xx_hal_pwr_ex.o
 .ARM.attributes
                0x00000000000003e7       0x34 ./Drivers/STM32F4xx_HAL_Driver/Src/stm32f4xx_hal_rcc.o
 .ARM.attributes
                0x000000000000041b       0x34 ./Drivers/STM32F4xx_HAL_Driver/Src/stm32f4xx_hal_rcc_ex.o
 .ARM.attributes
                0x000000000000044f       0x34 ./Drivers/STM32F4xx_HAL_Driver/Src/stm32f4xx_hal_tim.o
 .ARM.attributes
                0x0000000000000483       0x34 ./Drivers/STM32F4xx_HAL_Driver/Src/stm32f4xx_hal_tim_ex.o
 .ARM.attributes
                0x00000000000004b7       0x34 ./Drivers/STM32F4xx_HAL_Driver/Src/stm32f4xx_hal_uart.o
 .ARM.attributes
                0x00000000000004eb       0x34 ./Middlewares/Third_Party/FreeRTOS/Source/CMSIS_RTOS_V2/cmsis_os2.o
 .ARM.attributes
                0x000000000000051f       0x34 ./Middlewares/Third_Party/FreeRTOS/Source/list.o
 .ARM.attributes
                0x0000000000000553       0x34 ./Middlewares/Third_Party/FreeRTOS/Source/queue.o
 .ARM.attributes