../Core/Src/main.c:103:6:HAL_GPIO_EXTI_Callback	16	static
../Core/Src/main.c:124:5:main	8	static
../Core/Src/main.c:225:6:SystemClock_Config	88	static
../Core/Src/main.c:280:13:MX_ADC1_Init	24	static
../Core/Src/main.c:332:13:MX_ADC2_Init	24	static
../Core/Src/main.c:384:13:MX_ADC3_Init	24	static
../Core/Src/main.c:436:13:MX_I2C1_Init	8	static
../Core/Src/main.c:470:13:MX_TIM2_Init	64	static
../Core/Src/main.c:537:13:MX_TIM3_Init	32	static
../Core/Src/main.c:582:13:MX_TIM5_Init	64	static
../Core/Src/main.c:649:13:MX_USART2_UART_Init	8	static
../Core/Src/main.c:682:13:MX_GPIO_Init	48	static
../Core/Src/main.c:732:6:StartDefaultTask	16	static
../Core/Src/main.c:752:6:start_logging_task	16	static
../Core/Src/main.c:773:6:start_servo_task	16	static
../Core/Src/main.c:795:6:HAL_TIM_PeriodElapsedCallback	16	static
../Core/Src/main.c:812:6:Error_Handler	4	static,ignoring_inline_asm
