21:52:34 **** Incremental Build of configuration Debug for project debug_serial_port ****
make -j8 all 
arm-none-eabi-gcc "../Core/Src/main.c" -mcpu=cortex-m4 -std=gnu11 -g3 -DDEBUG -DUSE_HAL_DRIVER -DSTM32F446xx -c -I../Core/Inc -I../Drivers/STM32F4xx_HAL_Driver/Inc -I../Drivers/STM32F4xx_HAL_Driver/Inc/Legacy -I../Drivers/CMSIS/Device/ST/STM32F4xx/Include -I../Drivers/CMSIS/Include -O0 -ffunction-sections -fdata-sections -Wall -fstack-usage -MMD -MP -MF"Core/Src/main.d" -MT"Core/Src/main.o" --specs=nano.specs -mfpu=fpv4-sp-d16 -mfloat-abi=hard -mthumb -o "Core/Src/main.o"
arm-none-eabi-gcc -o "debug_serial_port.elf" @"objects.list"   -mcpu=cortex-m4 -T"C:\Users\elias\Min enhet\Projekt\Bonne ESC FOC\stm32_cube_workspace\debug_serial_port\STM32F446RETX_FLASH.ld" --specs=nosys.specs -Wl,-Map="debug_serial_port.map" -Wl,--gc-sections -static --specs=nano.specs -mfpu=fpv4-sp-d16 -mfloat-abi=hard -mthumb -Wl,--start-group -lc -lm -Wl,--end-group
Finished building target: debug_serial_port.elf
 
arm-none-eabi-size   debug_serial_port.elf 
arm-none-eabi-objdump -h -S  debug_serial_port.elf  > "debug_serial_port.list"
   text	   data	    bss	    dec	    hex	filename
   8272	     20	   1644	   9936	   26d0	debug_serial_port.elf
Finished building: default.size.stdout
 
Finished building: debug_serial_port.list
 

21:52:35 Build Finished. 0 errors, 0 warnings. (took 985ms)

