16:55:39 **** Incremental Build of configuration Debug for project resc ****
make -j8 all 
arm-none-eabi-gcc "../Core/Src/motor.c" -mcpu=cortex-m4 -std=gnu11 -g3 -DDEBUG -DUSE_HAL_DRIVER -DSTM32F446xx -c -I../Core/Inc -I../Drivers/STM32F4xx_HAL_Driver/Inc -I../Drivers/STM32F4xx_HAL_Driver/Inc/Legacy -I../Drivers/CMSIS/Device/ST/STM32F4xx/Include -I../Drivers/CMSIS/Include -I../Middlewares/Third_Party/FreeRTOS/Source/include -I../Middlewares/Third_Party/FreeRTOS/Source/CMSIS_RTOS_V2 -I../Middlewares/Third_Party/FreeRTOS/Source/portable/GCC/ARM_CM4F -I"C:/Users/elias/Min enhet/Projekt/Bonne ESC FOC/stm32_cube_workspace/resc/resc/inc" -O0 -ffunction-sections -fdata-sections -Wall -fstack-usage -MMD -MP -MF"Core/Src/motor.d" -MT"Core/Src/motor.o" --specs=nano.specs -mfpu=fpv4-sp-d16 -mfloat-abi=hard -mthumb -o "Core/Src/motor.o"
arm-none-eabi-gcc -o "resc.elf" @"objects.list"   -mcpu=cortex-m4 -T"C:\Users\elias\Min enhet\Projekt\Bonne ESC FOC\stm32_cube_workspace\resc\STM32F446RETX_FLASH.ld" --specs=nosys.specs -Wl,-Map="resc.map" -Wl,--gc-sections -static --specs=nano.specs -mfpu=fpv4-sp-d16 -mfloat-abi=hard -mthumb -Wl,--start-group -lc -lm -Wl,--end-group
Finished building target: resc.elf
 
arm-none-eabi-size   resc.elf 
arm-none-eabi-objdump -h -S  resc.elf  > "resc.list"
   text	   data	    bss	    dec	    hex	filename
  48856	    128	  47080	  96064	  17740	resc.elf
Finished building: default.size.stdout
 
Finished building: resc.list
 
16:55:45 **** Incremental Build of configuration Debug for project resc ****
make -j8 all 
arm-none-eabi-size   resc.elf 
   text	   data	    bss	    dec	    hex	filename
  48856	    128	  47080	  96064	  17740	resc.elf
Finished building: default.size.stdout
 
17:02:42 **** Incremental Build of configuration Debug for project resc ****
make -j8 all 
arm-none-eabi-gcc "../resc/src/CurrentCtrl.c" -mcpu=cortex-m4 -std=gnu11 -g3 -DDEBUG -DUSE_HAL_DRIVER -DSTM32F446xx -c -I../Core/Inc -I../Drivers/STM32F4xx_HAL_Driver/Inc -I../Drivers/STM32F4xx_HAL_Driver/Inc/Legacy -I../Drivers/CMSIS/Device/ST/STM32F4xx/Include -I../Drivers/CMSIS/Include -I../Middlewares/Third_Party/FreeRTOS/Source/include -I../Middlewares/Third_Party/FreeRTOS/Source/CMSIS_RTOS_V2 -I../Middlewares/Third_Party/FreeRTOS/Source/portable/GCC/ARM_CM4F -I"C:/Users/elias/Min enhet/Projekt/Bonne ESC FOC/stm32_cube_workspace/resc/resc/inc" -O0 -ffunction-sections -fdata-sections -Wall -fstack-usage -MMD -MP -MF"resc/src/CurrentCtrl.d" -MT"resc/src/CurrentCtrl.o" --specs=nano.specs -mfpu=fpv4-sp-d16 -mfloat-abi=hard -mthumb -o "resc/src/CurrentCtrl.o"
arm-none-eabi-gcc -o "resc.elf" @"objects.list"   -mcpu=cortex-m4 -T"C:\Users\elias\Min enhet\Projekt\Bonne ESC FOC\stm32_cube_workspace\resc\STM32F446RETX_FLASH.ld" --specs=nosys.specs -Wl,-Map="resc.map" -Wl,--gc-sections -static --specs=nano.specs -mfpu=fpv4-sp-d16 -mfloat-abi=hard -mthumb -Wl,--start-group -lc -lm -Wl,--end-group
Finished building target: resc.elf
 
arm-none-eabi-size   resc.elf 
arm-none-eabi-objdump -h -S  resc.elf  > "resc.list"
   text	   data	    bss	    dec	    hex	filename
  48856	    128	  47080	  96064	  17740	resc.elf
Finished building: default.size.stdout
 
Finished building: resc.list
 
17:08:50 **** Incremental Build of configuration Debug for project resc ****
make -j8 all 
arm-none-eabi-gcc "../resc/src/CurrentCtrl.c" -mcpu=cortex-m4 -std=gnu11 -g3 -DDEBUG -DUSE_HAL_DRIVER -DSTM32F446xx -c -I../Core/Inc -I../Drivers/STM32F4xx_HAL_Driver/Inc -I../Drivers/STM32F4xx_HAL_Driver/Inc/Legacy -I../Drivers/CMSIS/Device/ST/STM32F4xx/Include -I../Drivers/CMSIS/Include -I../Middlewares/Third_Party/FreeRTOS/Source/include -I../Middlewares/Third_Party/FreeRTOS/Source/CMSIS_RTOS_V2 -I../Middlewares/Third_Party/FreeRTOS/Source/portable/GCC/ARM_CM4F -I"C:/Users/elias/Min enhet/Projekt/Bonne ESC FOC/stm32_cube_workspace/resc/resc/inc" -O0 -ffunction-sections -fdata-sections -Wall -fstack-usage -MMD -MP -MF"resc/src/CurrentCtrl.d" -MT"resc/src/CurrentCtrl.o" --specs=nano.specs -mfpu=fpv4-sp-d16 -mfloat-abi=hard -mthumb -o "resc/src/CurrentCtrl.o"
arm-none-eabi-gcc -o "resc.elf" @"objects.list"   -mcpu=cortex-m4 -T"C:\Users\elias\Min enhet\Projekt\Bonne ESC FOC\stm32_cube_workspace\resc\STM32F446RETX_FLASH.ld" --specs=nosys.specs -Wl,-Map="resc.map" -Wl,--gc-sections -static --specs=nano.specs -mfpu=fpv4-sp-d16 -mfloat-abi=hard -mthumb -Wl,--start-group -lc -lm -Wl,--end-group
Finished building target: resc.elf
 
arm-none-eabi-size   resc.elf 
arm-none-eabi-objdump -h -S  resc.elf  > "resc.list"
   text	   data	    bss	    dec	    hex	filename
  48864	    128	  47080	  96072	  17748	resc.elf
Finished building: default.size.stdout
 
Finished building: resc.list
 
17:11:15 **** Incremental Build of configuration Debug for project resc ****
make -j8 all 
arm-none-eabi-gcc "../resc/src/CurrentCtrl.c" -mcpu=cortex-m4 -std=gnu11 -g3 -DDEBUG -DUSE_HAL_DRIVER -DSTM32F446xx -c -I../Core/Inc -I../Drivers/STM32F4xx_HAL_Driver/Inc -I../Drivers/STM32F4xx_HAL_Driver/Inc/Legacy -I../Drivers/CMSIS/Device/ST/STM32F4xx/Include -I../Drivers/CMSIS/Include -I../Middlewares/Third_Party/FreeRTOS/Source/include -I../Middlewares/Third_Party/FreeRTOS/Source/CMSIS_RTOS_V2 -I../Middlewares/Third_Party/FreeRTOS/Source/portable/GCC/ARM_CM4F -I"C:/Users/elias/Min enhet/Projekt/Bonne ESC FOC/stm32_cube_workspace/resc/resc/inc" -O0 -ffunction-sections -fdata-sections -Wall -fstack-usage -MMD -MP -MF"resc/src/CurrentCtrl.d" -MT"resc/src/CurrentCtrl.o" --specs=nano.specs -mfpu=fpv4-sp-d16 -mfloat-abi=hard -mthumb -o "resc/src/CurrentCtrl.o"
arm-none-eabi-gcc -o "resc.elf" @"objects.list"   -mcpu=cortex-m4 -T"C:\Users\elias\Min enhet\Projekt\Bonne ESC FOC\stm32_cube_workspace\resc\STM32F446RETX_FLASH.ld" --specs=nosys.specs -Wl,-Map="resc.map" -Wl,--gc-sections -static --specs=nano.specs -mfpu=fpv4-sp-d16 -mfloat-abi=hard -mthumb -Wl,--start-group -lc -lm -Wl,--end-group
Finished building target: resc.elf
 
arm-none-eabi-size   resc.elf 
arm-none-eabi-objdump -h -S  resc.elf  > "resc.list"
   text	   data	    bss	    dec	    hex	filename
  48864	    128	  47080	  96072	  17748	resc.elf
Finished building: default.size.stdout
 
Finished building: resc.list
 
17:14:17 **** Incremental Build of configuration Debug for project resc ****
make -j8 all 
arm-none-eabi-gcc "../resc/src/CurrentCtrl.c" -mcpu=cortex-m4 -std=gnu11 -g3 -DDEBUG -DUSE_HAL_DRIVER -DSTM32F446xx -c -I../Core/Inc -I../Drivers/STM32F4xx_HAL_Driver/Inc -I../Drivers/STM32F4xx_HAL_Driver/Inc/Legacy -I../Drivers/CMSIS/Device/ST/STM32F4xx/Include -I../Drivers/CMSIS/Include -I../Middlewares/Third_Party/FreeRTOS/Source/include -I../Middlewares/Third_Party/FreeRTOS/Source/CMSIS_RTOS_V2 -I../Middlewares/Third_Party/FreeRTOS/Source/portable/GCC/ARM_CM4F -I"C:/Users/elias/Min enhet/Projekt/Bonne ESC FOC/stm32_cube_workspace/resc/resc/inc" -O0 -ffunction-sections -fdata-sections -Wall -fstack-usage -MMD -MP -MF"resc/src/CurrentCtrl.d" -MT"resc/src/CurrentCtrl.o" --specs=nano.specs -mfpu=fpv4-sp-d16 -mfloat-abi=hard -mthumb -o "resc/src/CurrentCtrl.o"
arm-none-eabi-gcc -o "resc.elf" @"objects.list"   -mcpu=cortex-m4 -T"C:\Users\elias\Min enhet\Projekt\Bonne ESC FOC\stm32_cube_workspace\resc\STM32F446RETX_FLASH.ld" --specs=nosys.specs -Wl,-Map="resc.map" -Wl,--gc-sections -static --specs=nano.specs -mfpu=fpv4-sp-d16 -mfloat-abi=hard -mthumb -Wl,--start-group -lc -lm -Wl,--end-group
Finished building target: resc.elf
 
arm-none-eabi-size   resc.elf 
arm-none-eabi-objdump -h -S  resc.elf  > "resc.list"
   text	   data	    bss	    dec	    hex	filename
  48852	    128	  47080	  96060	  1773c	resc.elf
Finished building: default.size.stdout
 
Finished building: resc.list
 
17:17:12 **** Incremental Build of configuration Debug for project resc ****
make -j8 all 
arm-none-eabi-gcc "../Core/Src/logger.c" -mcpu=cortex-m4 -std=gnu11 -g3 -DDEBUG -DUSE_HAL_DRIVER -DSTM32F446xx -c -I../Core/Inc -I../Drivers/STM32F4xx_HAL_Driver/Inc -I../Drivers/STM32F4xx_HAL_Driver/Inc/Legacy -I../Drivers/CMSIS/Device/ST/STM32F4xx/Include -I../Drivers/CMSIS/Include -I../Middlewares/Third_Party/FreeRTOS/Source/include -I../Middlewares/Third_Party/FreeRTOS/Source/CMSIS_RTOS_V2 -I../Middlewares/Third_Party/FreeRTOS/Source/portable/GCC/ARM_CM4F -I"C:/Users/elias/Min enhet/Projekt/Bonne ESC FOC/stm32_cube_workspace/resc/resc/inc" -O0 -ffunction-sections -fdata-sections -Wall -fstack-usage -MMD -MP -MF"Core/Src/logger.d" -MT"Core/Src/logger.o" --specs=nano.specs -mfpu=fpv4-sp-d16 -mfloat-abi=hard -mthumb -o "Core/Src/logger.o"
arm-none-eabi-gcc -o "resc.elf" @"objects.list"   -mcpu=cortex-m4 -T"C:\Users\elias\Min enhet\Projekt\Bonne ESC FOC\stm32_cube_workspace\resc\STM32F446RETX_FLASH.ld" --specs=nosys.specs -Wl,-Map="resc.map" -Wl,--gc-sections -static --specs=nano.specs -mfpu=fpv4-sp-d16 -mfloat-abi=hard -mthumb -Wl,--start-group -lc -lm -Wl,--end-group
Finished building target: resc.elf
 
arm-none-eabi-size   resc.elf 
arm-none-eabi-objdump -h -S  resc.elf  > "resc.list"
   text	   data	    bss	    dec	    hex	filename
  48852	    128	  47080	  96060	  1773c	resc.elf
Finished building: default.size.stdout
 
Finished building: resc.list
 
17:20:53 **** Incremental Build of configuration Debug for project resc ****
make -j8 all 
arm-none-eabi-gcc "../resc/src/CurrentCtrl.c" -mcpu=cortex-m4 -std=gnu11 -g3 -DDEBUG -DUSE_HAL_DRIVER -DSTM32F446xx -c -I../Core/Inc -I../Drivers/STM32F4xx_HAL_Driver/Inc -I../Drivers/STM32F4xx_HAL_Driver/Inc/Legacy -I../Drivers/CMSIS/Device/ST/STM32F4xx/Include -I../Drivers/CMSIS/Include -I../Middlewares/Third_Party/FreeRTOS/Source/include -I../Middlewares/Third_Party/FreeRTOS/Source/CMSIS_RTOS_V2 -I../Middlewares/Third_Party/FreeRTOS/Source/portable/GCC/ARM_CM4F -I"C:/Users/elias/Min enhet/Projekt/Bonne ESC FOC/stm32_cube_workspace/resc/resc/inc" -O0 -ffunction-sections -fdata-sections -Wall -fstack-usage -MMD -MP -MF"resc/src/CurrentCtrl.d" -MT"resc/src/CurrentCtrl.o" --specs=nano.specs -mfpu=fpv4-sp-d16 -mfloat-abi=hard -mthumb -o "resc/src/CurrentCtrl.o"
arm-none-eabi-gcc "../Core/Src/motor.c" -mcpu=cortex-m4 -std=gnu11 -g3 -DDEBUG -DUSE_HAL_DRIVER -DSTM32F446xx -c -I../Core/Inc -I../Drivers/STM32F4xx_HAL_Driver/Inc -I../Drivers/STM32F4xx_HAL_Driver/Inc/Legacy -I../Drivers/CMSIS/Device/ST/STM32F4xx/Include -I../Drivers/CMSIS/Include -I../Middlewares/Third_Party/FreeRTOS/Source/include -I../Middlewares/Third_Party/FreeRTOS/Source/CMSIS_RTOS_V2 -I../Middlewares/Third_Party/FreeRTOS/Source/portable/GCC/ARM_CM4F -I"C:/Users/elias/Min enhet/Projekt/Bonne ESC FOC/stm32_cube_workspace/resc/resc/inc" -O0 -ffunction-sections -fdata-sections -Wall -fstack-usage -MMD -MP -MF"Core/Src/motor.d" -MT"Core/Src/motor.o" --specs=nano.specs -mfpu=fpv4-sp-d16 -mfloat-abi=hard -mthumb -o "Core/Src/motor.o"
arm-none-eabi-gcc -o "resc.elf" @"objects.list"   -mcpu=cortex-m4 -T"C:\Users\elias\Min enhet\Projekt\Bonne ESC FOC\stm32_cube_workspace\resc\STM32F446RETX_FLASH.ld" --specs=nosys.specs -Wl,-Map="resc.map" -Wl,--gc-sections -static --specs=nano.specs -mfpu=fpv4-sp-d16 -mfloat-abi=hard -mthumb -Wl,--start-group -lc -lm -Wl,--end-group
Finished building target: resc.elf
 
arm-none-eabi-size   resc.elf 
arm-none-eabi-objdump -h -S  resc.elf  > "resc.list"
   text	   data	    bss	    dec	    hex	filename
  48880	    128	  47080	  96088	  17758	resc.elf
Finished building: default.size.stdout
 
Finished building: resc.list
 
17:44:55 **** Incremental Build of configuration Debug for project resc ****
make -j8 all 
arm-none-eabi-gcc "../resc/src/CurrentCtrl.c" -mcpu=cortex-m4 -std=gnu11 -g3 -DDEBUG -DUSE_HAL_DRIVER -DSTM32F446xx -c -I../Core/Inc -I../Drivers/STM32F4xx_HAL_Driver/Inc -I../Drivers/STM32F4xx_HAL_Driver/Inc/Legacy -I../Drivers/CMSIS/Device/ST/STM32F4xx/Include -I../Drivers/CMSIS/Include -I../Middlewares/Third_Party/FreeRTOS/Source/include -I../Middlewares/Third_Party/FreeRTOS/Source/CMSIS_RTOS_V2 -I../Middlewares/Third_Party/FreeRTOS/Source/portable/GCC/ARM_CM4F -I"C:/Users/elias/Min enhet/Projekt/Bonne ESC FOC/stm32_cube_workspace/resc/resc/inc" -O0 -ffunction-sections -fdata-sections -Wall -fstack-usage -MMD -MP -MF"resc/src/CurrentCtrl.d" -MT"resc/src/CurrentCtrl.o" --specs=nano.specs -mfpu=fpv4-sp-d16 -mfloat-abi=hard -mthumb -o "resc/src/CurrentCtrl.o"
arm-none-eabi-gcc -o "resc.elf" @"objects.list"   -mcpu=cortex-m4 -T"C:\Users\elias\Min enhet\Projekt\Bonne ESC FOC\stm32_cube_workspace\resc\STM32F446RETX_FLASH.ld" --specs=nosys.specs -Wl,-Map="resc.map" -Wl,--gc-sections -static --specs=nano.specs -mfpu=fpv4-sp-d16 -mfloat-abi=hard -mthumb -Wl,--start-group -lc -lm -Wl,--end-group
Finished building target: resc.elf
 
arm-none-eabi-size   resc.elf 
arm-none-eabi-objdump -h -S  resc.elf  > "resc.list"
   text	   data	    bss	    dec	    hex	filename
  48880	    128	  47080	  96088	  17758	resc.elf
Finished building: default.size.stdout
 
Finished building: resc.list
 
17:45:18 **** Incremental Build of configuration Debug for project resc ****
make -j8 all 
arm-none-eabi-gcc "../resc/src/CurrentCtrl.c" -mcpu=cortex-m4 -std=gnu11 -g3 -DDEBUG -DUSE_HAL_DRIVER -DSTM32F446xx -c -I../Core/Inc -I../Drivers/STM32F4xx_HAL_Driver/Inc -I../Drivers/STM32F4xx_HAL_Driver/Inc/Legacy -I../Drivers/CMSIS/Device/ST/STM32F4xx/Include -I../Drivers/CMSIS/Include -I../Middlewares/Third_Party/FreeRTOS/Source/include -I../Middlewares/Third_Party/FreeRTOS/Source/CMSIS_RTOS_V2 -I../Middlewares/Third_Party/FreeRTOS/Source/portable/GCC/ARM_CM4F -I"C:/Users/elias/Min enhet/Projekt/Bonne ESC FOC/stm32_cube_workspace/resc/resc/inc" -O0 -ffunction-sections -fdata-sections -Wall -fstack-usage -MMD -MP -MF"resc/src/CurrentCtrl.d" -MT"resc/src/CurrentCtrl.o" --specs=nano.specs -mfpu=fpv4-sp-d16 -mfloat-abi=hard -mthumb -o "resc/src/CurrentCtrl.o"
arm-none-eabi-gcc -o "resc.elf" @"objects.list"   -mcpu=cortex-m4 -T"C:\Users\elias\Min enhet\Projekt\Bonne ESC FOC\stm32_cube_workspace\resc\STM32F446RETX_FLASH.ld" --specs=nosys.specs -Wl,-Map="resc.map" -Wl,--gc-sections -static --specs=nano.specs -mfpu=fpv4-sp-d16 -mfloat-abi=hard -mthumb -Wl,--start-group -lc -lm -Wl,--end-group
Finished building target: resc.elf
 
arm-none-eabi-size   resc.elf 
arm-none-eabi-objdump -h -S  resc.elf  > "resc.list"
   text	   data	    bss	    dec	    hex	filename
  48888	    128	  47080	  96096	  17760	resc.elf
Finished building: default.size.stdout
 
Finished building: resc.list
 
17:46:09 **** Incremental Build of configuration Debug for project resc ****
make -j8 all 
arm-none-eabi-gcc "../resc/src/CurrentCtrl.c" -mcpu=cortex-m4 -std=gnu11 -g3 -DDEBUG -DUSE_HAL_DRIVER -DSTM32F446xx -c -I../Core/Inc -I../Drivers/STM32F4xx_HAL_Driver/Inc -I../Drivers/STM32F4xx_HAL_Driver/Inc/Legacy -I../Drivers/CMSIS/Device/ST/STM32F4xx/Include -I../Drivers/CMSIS/Include -I../Middlewares/Third_Party/FreeRTOS/Source/include -I../Middlewares/Third_Party/FreeRTOS/Source/CMSIS_RTOS_V2 -I../Middlewares/Third_Party/FreeRTOS/Source/portable/GCC/ARM_CM4F -I"C:/Users/elias/Min enhet/Projekt/Bonne ESC FOC/stm32_cube_workspace/resc/resc/inc" -O0 -ffunction-sections -fdata-sections -Wall -fstack-usage -MMD -MP -MF"resc/src/CurrentCtrl.d" -MT"resc/src/CurrentCtrl.o" --specs=nano.specs -mfpu=fpv4-sp-d16 -mfloat-abi=hard -mthumb -o "resc/src/CurrentCtrl.o"
arm-none-eabi-gcc -o "resc.elf" @"objects.list"   -mcpu=cortex-m4 -T"C:\Users\elias\Min enhet\Projekt\Bonne ESC FOC\stm32_cube_workspace\resc\STM32F446RETX_FLASH.ld" --specs=nosys.specs -Wl,-Map="resc.map" -Wl,--gc-sections -static --specs=nano.specs -mfpu=fpv4-sp-d16 -mfloat-abi=hard -mthumb -Wl,--start-group -lc -lm -Wl,--end-group
Finished building target: resc.elf
 
arm-none-eabi-size   resc.elf 
arm-none-eabi-objdump -h -S  resc.elf  > "resc.list"
   text	   data	    bss	    dec	    hex	filename
  48888	    128	  47080	  96096	  17760	resc.elf
Finished building: default.size.stdout
 
Finished building: resc.list
 
17:54:07 **** Incremental Build of configuration Debug for project resc ****
make -j8 all 
arm-none-eabi-gcc "../Core/Src/AS5601.c" -mcpu=cortex-m4 -std=gnu11 -g3 -DDEBUG -DUSE_HAL_DRIVER -DSTM32F446xx -c -I../Core/Inc -I../Drivers/STM32F4xx_HAL_Driver/Inc -I../Drivers/STM32F4xx_HAL_Driver/Inc/Legacy -I../Drivers/CMSIS/Device/ST/STM32F4xx/Include -I../Drivers/CMSIS/Include -I../Middlewares/Third_Party/FreeRTOS/Source/include -I../Middlewares/Third_Party/FreeRTOS/Source/CMSIS_RTOS_V2 -I../Middlewares/Third_Party/FreeRTOS/Source/portable/GCC/ARM_CM4F -I"C:/Users/elias/Min enhet/Projekt/Bonne ESC FOC/stm32_cube_workspace/resc/resc/inc" -O0 -ffunction-sections -fdata-sections -Wall -fstack-usage -MMD -MP -MF"Core/Src/AS5601.d" -MT"Core/Src/AS5601.o" --specs=nano.specs -mfpu=fpv4-sp-d16 -mfloat-abi=hard -mthumb -o "Core/Src/AS5601.o"
arm-none-eabi-gcc "../Core/Src/encoder.c" -mcpu=cortex-m4 -std=gnu11 -g3 -DDEBUG -DUSE_HAL_DRIVER -DSTM32F446xx -c -I../Core/Inc -I../Drivers/STM32F4xx_HAL_Driver/Inc -I../Drivers/STM32F4xx_HAL_Driver/Inc/Legacy -I../Drivers/CMSIS/Device/ST/STM32F4xx/Include -I../Drivers/CMSIS/Include -I../Middlewares/Third_Party/FreeRTOS/Source/include -I../Middlewares/Third_Party/FreeRTOS/Source/CMSIS_RTOS_V2 -I../Middlewares/Third_Party/FreeRTOS/Source/portable/GCC/ARM_CM4F -I"C:/Users/elias/Min enhet/Projekt/Bonne ESC FOC/stm32_cube_workspace/resc/resc/inc" -O0 -ffunction-sections -fdata-sections -Wall -fstack-usage -MMD -MP -MF"Core/Src/encoder.d" -MT"Core/Src/encoder.o" --specs=nano.specs -mfpu=fpv4-sp-d16 -mfloat-abi=hard -mthumb -o "Core/Src/encoder.o"
arm-none-eabi-gcc "../Core/Src/motor.c" -mcpu=cortex-m4 -std=gnu11 -g3 -DDEBUG -DUSE_HAL_DRIVER -DSTM32F446xx -c -I../Core/Inc -I../Drivers/STM32F4xx_HAL_Driver/Inc -I../Drivers/STM32F4xx_HAL_Driver/Inc/Legacy -I../Drivers/CMSIS/Device/ST/STM32F4xx/Include -I../Drivers/CMSIS/Include -I../Middlewares/Third_Party/FreeRTOS/Source/include -I../Middlewares/Third_Party/FreeRTOS/Source/CMSIS_RTOS_V2 -I../Middlewares/Third_Party/FreeRTOS/Source/portable/GCC/ARM_CM4F -I"C:/Users/elias/Min enhet/Projekt/Bonne ESC FOC/stm32_cube_workspace/resc/resc/inc" -O0 -ffunction-sections -fdata-sections -Wall -fstack-usage -MMD -MP -MF"Core/Src/motor.d" -MT"Core/Src/motor.o" --specs=nano.specs -mfpu=fpv4-sp-d16 -mfloat-abi=hard -mthumb -o "Core/Src/motor.o"
../Core/Src/AS5601.c: In function 'as5601_init':
../Core/Src/AS5601.c:18:18: warning: unsigned conversion from 'int' to 'uint8_t' {aka 'unsigned char'} changes value from '2048' to '0' [-Woverflow]
   18 |  set_update_rate(2048);
      |                  ^~~~
arm-none-eabi-gcc -o "resc.elf" @"objects.list"   -mcpu=cortex-m4 -T"C:\Users\elias\Min enhet\Projekt\Bonne ESC FOC\stm32_cube_workspace\resc\STM32F446RETX_FLASH.ld" --specs=nosys.specs -Wl,-Map="resc.map" -Wl,--gc-sections -static --specs=nano.specs -mfpu=fpv4-sp-d16 -mfloat-abi=hard -mthumb -Wl,--start-group -lc -lm -Wl,--end-group
Finished building target: resc.elf
 
arm-none-eabi-size   resc.elf 
arm-none-eabi-objdump -h -S  resc.elf  > "resc.list"
   text	   data	    bss	    dec	    hex	filename
  48888	    128	  47080	  96096	  17760	resc.elf
Finished building: default.size.stdout
 
Finished building: resc.list
 
17:54:32 **** Incremental Build of configuration Debug for project resc ****
make -j8 all 
arm-none-eabi-gcc "../Core/Src/AS5601.c" -mcpu=cortex-m4 -std=gnu11 -g3 -DDEBUG -DUSE_HAL_DRIVER -DSTM32F446xx -c -I../Core/Inc -I../Drivers/STM32F4xx_HAL_Driver/Inc -I../Drivers/STM32F4xx_HAL_Driver/Inc/Legacy -I../Drivers/CMSIS/Device/ST/STM32F4xx/Include -I../Drivers/CMSIS/Include -I../Middlewares/Third_Party/FreeRTOS/Source/include -I../Middlewares/Third_Party/FreeRTOS/Source/CMSIS_RTOS_V2 -I../Middlewares/Third_Party/FreeRTOS/Source/portable/GCC/ARM_CM4F -I"C:/Users/elias/Min enhet/Projekt/Bonne ESC FOC/stm32_cube_workspace/resc/resc/inc" -O0 -ffunction-sections -fdata-sections -Wall -fstack-usage -MMD -MP -MF"Core/Src/AS5601.d" -MT"Core/Src/AS5601.o" --specs=nano.specs -mfpu=fpv4-sp-d16 -mfloat-abi=hard -mthumb -o "Core/Src/AS5601.o"
arm-none-eabi-gcc -o "resc.elf" @"objects.list"   -mcpu=cortex-m4 -T"C:\Users\elias\Min enhet\Projekt\Bonne ESC FOC\stm32_cube_workspace\resc\STM32F446RETX_FLASH.ld" --specs=nosys.specs -Wl,-Map="resc.map" -Wl,--gc-sections -static --specs=nano.specs -mfpu=fpv4-sp-d16 -mfloat-abi=hard -mthumb -Wl,--start-group -lc -lm -Wl,--end-group
Finished building target: resc.elf
 
arm-none-eabi-size   resc.elf 
arm-none-eabi-objdump -h -S  resc.elf  > "resc.list"
   text	   data	    bss	    dec	    hex	filename
  48888	    128	  47080	  96096	  17760	resc.elf
Finished building: default.size.stdout
 
Finished building: resc.list
 
