17:54:32 **** Incremental Build of configuration Debug for project resc ****
make -j8 all 
arm-none-eabi-gcc "../Core/Src/AS5601.c" -mcpu=cortex-m4 -std=gnu11 -g3 -DDEBUG -DUSE_HAL_DRIVER -DSTM32F446xx -c -I../Core/Inc -I../Drivers/STM32F4xx_HAL_Driver/Inc -I../Drivers/STM32F4xx_HAL_Driver/Inc/Legacy -I../Drivers/CMSIS/Device/ST/STM32F4xx/Include -I../Drivers/CMSIS/Include -I../Middlewares/Third_Party/FreeRTOS/Source/include -I../Middlewares/Third_Party/FreeRTOS/Source/CMSIS_RTOS_V2 -I../Middlewares/Third_Party/FreeRTOS/Source/portable/GCC/ARM_CM4F -I"C:/Users/elias/Min enhet/Projekt/Bonne ESC FOC/stm32_cube_workspace/resc/resc/inc" -O0 -ffunction-sections -fdata-sections -Wall -fstack-usage -MMD -MP -MF"Core/Src/AS5601.d" -MT"Core/Src/AS5601.o" --specs=nano.specs -mfpu=fpv4-sp-d16 -mfloat-abi=hard -mthumb -o "Core/Src/AS5601.o"
arm-none-eabi-gcc -o "resc.elf" @"objects.list"   -mcpu=cortex-m4 -T"C:\Users\elias\Min enhet\Projekt\Bonne ESC FOC\stm32_cube_workspace\resc\STM32F446RETX_FLASH.ld" --specs=nosys.specs -Wl,-Map="resc.map" -Wl,--gc-sections -static --specs=nano.specs -mfpu=fpv4-sp-d16 -mfloat-abi=hard -mthumb -Wl,--start-group -lc -lm -Wl,--end-group
Finished building target: resc.elf
 
arm-none-eabi-size   resc.elf 
arm-none-eabi-objdump -h -S  resc.elf  > "resc.list"
   text	   data	    bss	    dec	    hex	filename
  48888	    128	  47080	  96096	  17760	resc.elf
Finished building: default.size.stdout
 
Finished building: resc.list
 

17:54:33 Build Finished. 0 errors, 0 warnings. (took 1s.312ms)

